PE 0: MPICH WARNING: Conflicting env variable settings.  Setting FI_VERBS_PREFER_XRC requires FI_OFI_RXM_USE_SRX=1.  Disabling XRC. 
/*---------------------------------------------------------------------------*\
| =========                 |                                                 |
| \\      /  F ield         | OpenFOAM: The Open Source CFD Toolbox           |
|  \\    /   O peration     | Version:  2512                                  |
|   \\  /    A nd           | Website:  www.openfoam.com                      |
|    \\/     M anipulation  |                                                 |
\*---------------------------------------------------------------------------*/
Build  : _87ed40d256-20251219 OPENFOAM=2512 version=v2512
Arch   : "LSB;label=32;scalar=64"
Exec   : /var/run/palsd/150af851-5290-4dd4-95ec-78419a609550/files/renumberMesh -constant -overwrite -parallel
Date   : Oct 07 2026
Time   : 10:05:48
Host   : x1001c6s5b1n1
PID    : 2811293
I/O    : uncollated
Case   : /scratch/users/industry/hpcadvisorycouncil/pengzhi/openfoam-occ-drivaer/runs/nosrx-hierarchical-4node.25710717
nProcs : 512
Hosts  :
(
    (x1001c6s5b1n1 128)
    (x1002c0s4b0n0 128)
    (x1002c6s5b0n1 128)
    (x1003c2s2b1n0 128)
)
Pstream initialized with:
    node communication : on [type=host] (512 ranks, 4 nodes)
    topology controls  : none
    consensus exchange : 0 (tuning: 0)
    exchange algorithm : 0
    commsType          : nonBlocking
    polling iterations : 0
trapFpe: Floating point exception trapping enabled (FOAM_SIGFPE).
memory pool : not available
fileModificationChecking : Monitoring run-time modified files using timeStampMaster (fileModificationSkew 5, maxFileModificationPolls 20)
allowSystemOperations : Allowing user-supplied system call operations

// * * * * * * * * * * * * * * * * * * * * * * * * * * * * * * * * * * * * * //
Create time

Create mesh for time = constant

Mesh region0 size: 65334765
Before renumbering
    band           : 127608
    profile        : 155907019597

Using renumber-method: CuthillMcKee [default]

Reading fields

Renumbering processor cell decomposition map cellProcAddressing
Renumbering processor face decomposition map faceProcAddressing
Renumbering processor point decomposition map pointProcAddressing
After renumbering
    band           : 13429
    profile        : 147925274546

Writing mesh to "constant"

Timings:
    read mesh   : 2.522828327
    read fields : 1.422587218
    decompose   : 0
    cell-cells  : 0
    renumber    : 0.06461725
    write       : 0.424794499
TotalTime = 6.169570383 s

ExecutionTime = 32.72 s  ClockTime = 33 s

End

Finalising parallel run
