/*---------------------------------------------------------------------------*\
| =========                 |                                                 |
| \\      /  F ield         | OpenFOAM: The Open Source CFD Toolbox           |
|  \\    /   O peration     | Version:  2512                                  |
|   \\  /    A nd           | Website:  www.openfoam.com                      |
|    \\/     M anipulation  |                                                 |
\*---------------------------------------------------------------------------*/
Build  : _87ed40d256-20251219 OPENFOAM=2512 version=v2512
Arch   : "LSB;label=32;scalar=64"
Exec   : /var/run/palsd/df52f5a0-3a03-4eb4-a56b-d0dd9a210062/files/renumberMesh -constant -overwrite -parallel
Date   : Oct 06 2026
Time   : 14:09:25
Host   : x1002c7s1b1n1
PID    : 805230
I/O    : uncollated
Case   : /scratch/users/industry/hpcadvisorycouncil/pengzhi/openfoam-occ-drivaer/runs/smoke-1node.25702821
nProcs : 128
Hosts  :
(
    (x1002c7s1b1n1 128)
)
Pstream initialized with:
    node communication : off [type=host] (128 ranks, 1 nodes)
    topology controls  : none
    consensus exchange : 0 (tuning: 0)
    exchange algorithm : 0
    commsType          : nonBlocking
    polling iterations : 0
trapFpe: Floating point exception trapping enabled (FOAM_SIGFPE).
memory pool : not available
fileModificationChecking : Monitoring run-time modified files using timeStampMaster (fileModificationSkew 5, maxFileModificationPolls 20)
allowSystemOperations : Allowing user-supplied system call operations

// * * * * * * * * * * * * * * * * * * * * * * * * * * * * * * * * * * * * * //
Create time

Create mesh for time = constant

Mesh region0 size: 65334765
Before renumbering
    band           : 508372
    profile        : 571894786252

Using renumber-method: CuthillMcKee [default]

Reading fields

Renumbering processor cell decomposition map cellProcAddressing
Renumbering processor face decomposition map faceProcAddressing
Renumbering processor point decomposition map pointProcAddressing
After renumbering
    band           : 25161
    profile        : 388447679651

Writing mesh to "constant"

Timings:
    read mesh   : 1.725685405
    read fields : 0.066278079
    decompose   : 0
    cell-cells  : 0
    renumber    : 0.237142162
    write       : 1.306451085
TotalTime = 6.299902414 s

ExecutionTime = 6.73 s  ClockTime = 7 s

End

Finalising parallel run
