/*---------------------------------------------------------------------------*\
| =========                 |                                                 |
| \\      /  F ield         | OpenFOAM: The Open Source CFD Toolbox           |
|  \\    /   O peration     | Version:  2512                                  |
|   \\  /    A nd           | Website:  www.openfoam.com                      |
|    \\/     M anipulation  |                                                 |
\*---------------------------------------------------------------------------*/
Build  : _87ed40d256-20251219 OPENFOAM=2512 version=v2512
Arch   : "LSB;label=32;scalar=64"
Exec   : /var/run/palsd/78068565-9014-4cd6-b61b-5d999aa8cf53/files/renumberMesh -constant -overwrite -parallel
Date   : Oct 06 2026
Time   : 14:30:45
Host   : x1001c7s3b1n0
PID    : 3950362
I/O    : uncollated
Case   : /scratch/users/industry/hpcadvisorycouncil/pengzhi/openfoam-occ-drivaer/runs/scotch-split-1node.25702985
nProcs : 128
Hosts  :
(
    (x1001c7s3b1n0 128)
)
Pstream initialized with:
    node communication : off [type=host] (128 ranks, 1 nodes)
    topology controls  : none
    consensus exchange : 0 (tuning: 0)
    exchange algorithm : 0
    commsType          : nonBlocking
    polling iterations : 0
trapFpe: Floating point exception trapping enabled (FOAM_SIGFPE).
memory pool : not available
fileModificationChecking : Monitoring run-time modified files using timeStampMaster (fileModificationSkew 5, maxFileModificationPolls 20)
allowSystemOperations : Allowing user-supplied system call operations

// * * * * * * * * * * * * * * * * * * * * * * * * * * * * * * * * * * * * * //
Create time

Create mesh for time = constant

Mesh region0 size: 65334765
Before renumbering
    band           : 507781
    profile        : 636256242790

Using renumber-method: CuthillMcKee [default]

Reading fields

Renumbering processor cell decomposition map cellProcAddressing
Renumbering processor face decomposition map faceProcAddressing
Renumbering processor point decomposition map pointProcAddressing
After renumbering
    band           : 28712
    profile        : 471303681244

Writing mesh to "constant"

Timings:
    read mesh   : 2.808522907
    read fields : 0.658533662
    decompose   : 0
    cell-cells  : 0
    renumber    : 0.292073667
    write       : 1.48818954
TotalTime = 7.810740078 s

ExecutionTime = 8.289999999999999 s  ClockTime = 48 s

End

Finalising parallel run
