/*---------------------------------------------------------------------------*\
| =========                 |                                                 |
| \\      /  F ield         | OpenFOAM: The Open Source CFD Toolbox           |
|  \\    /   O peration     | Version:  2512                                  |
|   \\  /    A nd           | Website:  www.openfoam.com                      |
|    \\/     M anipulation  |                                                 |
\*---------------------------------------------------------------------------*/
Build  : _87ed40d256-20251219 OPENFOAM=2512 version=v2512
Arch   : "LSB;label=32;scalar=64"
Exec   : renumberMesh -constant -overwrite -parallel
Date   : Oct 06 2026
Time   : 07:41:25
Host   : gadi-cpu-spr-0573.gadi.nci.org.au
PID    : 3609744
I/O    : uncollated
Case   : /scratch/vp91/pz7344/openfoam-occ-drivaer/runs/vanilla-1node.180554001
nProcs : 104
Hosts  :
(
    (gadi-cpu-spr-0573.gadi.nci.org.au 104)
)
Pstream initialized with:
    node communication : off [type=host] (104 ranks, 1 nodes)
    topology controls  : none
    consensus exchange : 0 (tuning: 0)
    exchange algorithm : 0
    commsType          : nonBlocking
    polling iterations : 0
trapFpe: Floating point exception trapping enabled (FOAM_SIGFPE).
memory pool : not available
fileModificationChecking : Monitoring run-time modified files using timeStampMaster (fileModificationSkew 5, maxFileModificationPolls 20)
allowSystemOperations : Allowing user-supplied system call operations

// * * * * * * * * * * * * * * * * * * * * * * * * * * * * * * * * * * * * * //
Create time

Create mesh for time = constant

Mesh region0 size: 65334765
Before renumbering
    band           : 617992
    profile        : 776303475544

Using renumber-method: CuthillMcKee [default]

Reading fields

Renumbering processor cell decomposition map cellProcAddressing
Renumbering processor face decomposition map faceProcAddressing
Renumbering processor point decomposition map pointProcAddressing
After renumbering
    band           : 29015
    profile        : 465260057066

Writing mesh to "constant"

Timings:
    read mesh   : 1.287717774
    read fields : 0.037375595
    decompose   : 0
    cell-cells  : 0
    renumber    : 0.264415987
    write       : 1.18179857
TotalTime = 5.151058985 s

ExecutionTime = 5 s  ClockTime = 6 s

End

Finalising parallel run
