/*---------------------------------------------------------------------------*\
| =========                 |                                                 |
| \\      /  F ield         | OpenFOAM: The Open Source CFD Toolbox           |
|  \\    /   O peration     | Version:  2512                                  |
|   \\  /    A nd           | Website:  www.openfoam.com                      |
|    \\/     M anipulation  |                                                 |
\*---------------------------------------------------------------------------*/
Build  : _87ed40d256-20251219 OPENFOAM=2512 version=v2512
Arch   : "LSB;label=32;scalar=64"
Exec   : /var/run/palsd/4f48bc9c-3301-4665-ae5d-391688b1a941/files/renumberMesh -constant -overwrite -parallel
Date   : Oct 06 2026
Time   : 14:42:56
Host   : x1001c2s4b1n1
PID    : 1110796
I/O    : uncollated
Case   : /scratch/users/industry/hpcadvisorycouncil/pengzhi/openfoam-occ-drivaer/runs/scotch-split-2node.25702988
nProcs : 256
Hosts  :
(
    (x1001c2s4b1n1 128)
    (x1003c4s4b0n0 128)
)
Pstream initialized with:
    node communication : on [type=host] (256 ranks, 2 nodes)
    topology controls  : none
    consensus exchange : 0 (tuning: 0)
    exchange algorithm : 0
    commsType          : nonBlocking
    polling iterations : 0
trapFpe: Floating point exception trapping enabled (FOAM_SIGFPE).
memory pool : not available
fileModificationChecking : Monitoring run-time modified files using timeStampMaster (fileModificationSkew 5, maxFileModificationPolls 20)
allowSystemOperations : Allowing user-supplied system call operations

// * * * * * * * * * * * * * * * * * * * * * * * * * * * * * * * * * * * * * //
Create time

Create mesh for time = constant

Mesh region0 size: 65334765
Before renumbering
    band           : 255565
    profile        : 385449386125

Using renumber-method: CuthillMcKee [default]

Reading fields

Renumbering processor cell decomposition map cellProcAddressing
Renumbering processor face decomposition map faceProcAddressing
Renumbering processor point decomposition map pointProcAddressing
After renumbering
    band           : 15466
    profile        : 282424563832

Writing mesh to "constant"

Timings:
    read mesh   : 3.155594318
    read fields : 0.382405556
    decompose   : 0
    cell-cells  : 0
    renumber    : 0.220470421
    write       : 1.363178364
TotalTime = 6.676677803 s

ExecutionTime = 6.75 s  ClockTime = 31 s

End

Finalising parallel run
x1003c4s4b0n0.hostmgmt2003.cm.asp2a.nscc.sg: rank 216 died from signal 7
