/*---------------------------------------------------------------------------*\
| =========                 |                                                 |
| \\      /  F ield         | OpenFOAM: The Open Source CFD Toolbox           |
|  \\    /   O peration     | Version:  2512                                  |
|   \\  /    A nd           | Website:  www.openfoam.com                      |
|    \\/     M anipulation  |                                                 |
\*---------------------------------------------------------------------------*/
Build  : _87ed40d256-20251219 OPENFOAM=2512 version=v2512
Arch   : "LSB;label=32;scalar=64"
Exec   : /var/run/palsd/85dc807e-96d7-4abc-9c9b-5c5ff311c779/files/applyBoundaryLayer -ybl 0.0450244 -parallel
Date   : Oct 06 2026
Time   : 14:44:11
Host   : x1001c2s4b1n1
PID    : 1113563
I/O    : uncollated
Case   : /scratch/users/industry/hpcadvisorycouncil/pengzhi/openfoam-occ-drivaer/runs/scotch-split-2node.25702988
nProcs : 256
Hosts  :
(
    (x1001c2s4b1n1 128)
    (x1003c4s4b0n0 128)
)
Pstream initialized with:
    node communication : on [type=host] (256 ranks, 2 nodes)
    topology controls  : none
    consensus exchange : 0 (tuning: 0)
    exchange algorithm : 0
    commsType          : nonBlocking
    polling iterations : 0
trapFpe: Floating point exception trapping enabled (FOAM_SIGFPE).
memory pool : not available
fileModificationChecking : Monitoring run-time modified files using timeStampMaster (fileModificationSkew 5, maxFileModificationPolls 20)
allowSystemOperations : Allowing user-supplied system call operations

// * * * * * * * * * * * * * * * * * * * * * * * * * * * * * * * * * * * * * //
Create time

Create mesh for time = 0

Reading field U

Calculating wall distance field
Selecting patchDistMethod meshWave

Creating boundary-layer for U of thickness 0.0450244 m

Creating mask field
Setting boundary layer velocity

Writing U


ExecutionTime = 3.54 s  ClockTime = 4 s

End

Finalising parallel run
x1003c4s4b0n0.hostmgmt2003.cm.asp2a.nscc.sg: rank 133 died from signal 7
