/*---------------------------------------------------------------------------*\
| =========                 |                                                 |
| \\      /  F ield         | OpenFOAM: The Open Source CFD Toolbox           |
|  \\    /   O peration     | Version:  2512                                  |
|   \\  /    A nd           | Website:  www.openfoam.com                      |
|    \\/     M anipulation  |                                                 |
\*---------------------------------------------------------------------------*/
Build  : _87ed40d256-20251219 OPENFOAM=2512 version=v2512
Arch   : "LSB;label=32;scalar=64"
Exec   : renumberMesh -constant -overwrite -parallel
Date   : Sep 22 2026
Time   : 16:52:50
Host   : gadi-cpu-spr-0067.gadi.nci.org.au
PID    : 4127541
I/O    : uncollated
Case   : /scratch/vp91/pz7344/openfoam-occ-drivaer/runs/scotch-split-2node.20260922-144109
nProcs : 208
Hosts  :
(
    (gadi-cpu-spr-0067.gadi.nci.org.au 104)
    (gadi-cpu-spr-0068.gadi.nci.org.au 104)
)
Pstream initialized with:
    node communication : on [type=host] (208 ranks, 2 nodes)
    topology controls  : none
    consensus exchange : 0 (tuning: 0)
    exchange algorithm : 0
    commsType          : nonBlocking
    polling iterations : 0
trapFpe: Floating point exception trapping enabled (FOAM_SIGFPE).
memory pool : not available
fileModificationChecking : Monitoring run-time modified files using timeStampMaster (fileModificationSkew 5, maxFileModificationPolls 20)
allowSystemOperations : Allowing user-supplied system call operations

// * * * * * * * * * * * * * * * * * * * * * * * * * * * * * * * * * * * * * //
Create time

Create mesh for time = constant

Mesh region0 size: 65334765
Before renumbering
    band           : 313009
    profile        : 443698768156

Using renumber-method: CuthillMcKee [default]

Reading fields

Renumbering processor cell decomposition map cellProcAddressing
Renumbering processor face decomposition map faceProcAddressing
Renumbering processor point decomposition map pointProcAddressing
After renumbering
    band           : 23592
    profile        : 326146850273

Writing mesh to "constant"

Timings:
    read mesh   : 4.736658384
    read fields : 0.133127339
    decompose   : 0
    cell-cells  : 0
    renumber    : 0.131082949
    write       : 1.105716532
TotalTime = 7.254306442 s

ExecutionTime = 7.74 s  ClockTime = 14 s

End

Finalising parallel run
