PE 0: MPICH WARNING: Conflicting env variable settings.  Setting FI_VERBS_PREFER_XRC requires FI_OFI_RXM_USE_SRX=1.  Disabling XRC. 
/*---------------------------------------------------------------------------*\
| =========                 |                                                 |
| \\      /  F ield         | OpenFOAM: The Open Source CFD Toolbox           |
|  \\    /   O peration     | Version:  2512                                  |
|   \\  /    A nd           | Website:  www.openfoam.com                      |
|    \\/     M anipulation  |                                                 |
\*---------------------------------------------------------------------------*/
Build  : _87ed40d256-20251219 OPENFOAM=2512 version=v2512
Arch   : "LSB;label=32;scalar=64"
Exec   : /var/run/palsd/6c7a48e7-3332-45be-bf0a-f6e9081d88f6/files/renumberMesh -constant -overwrite -parallel
Date   : Oct 07 2026
Time   : 10:11:25
Host   : x1002c2s4b1n0
PID    : 2237951
I/O    : uncollated
Case   : /scratch/users/industry/hpcadvisorycouncil/pengzhi/openfoam-occ-drivaer/runs/nosrx-scotch-4node.25710718
nProcs : 512
Hosts  :
(
    (x1002c2s4b1n0 128)
    (x1002c6s7b0n1 128)
    (x1003c3s4b0n1 128)
    (x1003c4s0b1n1 128)
)
Pstream initialized with:
    node communication : on [type=host] (512 ranks, 4 nodes)
    topology controls  : none
    consensus exchange : 0 (tuning: 0)
    exchange algorithm : 0
    commsType          : nonBlocking
    polling iterations : 0
trapFpe: Floating point exception trapping enabled (FOAM_SIGFPE).
memory pool : not available
fileModificationChecking : Monitoring run-time modified files using timeStampMaster (fileModificationSkew 5, maxFileModificationPolls 20)
allowSystemOperations : Allowing user-supplied system call operations

// * * * * * * * * * * * * * * * * * * * * * * * * * * * * * * * * * * * * * //
Create time

Create mesh for time = constant

Mesh region0 size: 65334765
Before renumbering
    band           : 128624
    profile        : 233124028668

Using renumber-method: CuthillMcKee [default]

Reading fields

Renumbering processor cell decomposition map cellProcAddressing
Renumbering processor face decomposition map faceProcAddressing
Renumbering processor point decomposition map pointProcAddressing
After renumbering
    band           : 9809
    profile        : 166280079920

Writing mesh to "constant"

Timings:
    read mesh   : 1.946301912
    read fields : 0.764348783
    decompose   : 0
    cell-cells  : 0
    renumber    : 0.066201097
    write       : 0.789007953
TotalTime = 4.385898002 s

ExecutionTime = 4.49 s  ClockTime = 5 s

End

Finalising parallel run
