/*---------------------------------------------------------------------------*\
| =========                 |                                                 |
| \\      /  F ield         | OpenFOAM: The Open Source CFD Toolbox           |
|  \\    /   O peration     | Version:  2512                                  |
|   \\  /    A nd           | Website:  www.openfoam.com                      |
|    \\/     M anipulation  |                                                 |
\*---------------------------------------------------------------------------*/
Build  : _87ed40d256-20251219 OPENFOAM=2512 version=v2512
Arch   : "LSB;label=32;scalar=64"
Exec   : /var/run/palsd/5843e4d8-d440-4010-81c0-b9473ff3d4e7/files/renumberMesh -constant -overwrite -parallel
Date   : Oct 06 2026
Time   : 19:12:07
Host   : x1001c3s0b0n0
PID    : 826670
I/O    : uncollated
Case   : /scratch/users/industry/hpcadvisorycouncil/pengzhi/openfoam-occ-drivaer/runs/scotch-split-4node.25702990
nProcs : 512
Hosts  :
(
    (x1001c3s0b0n0 128)
    (x1001c3s6b0n1 128)
    (x1001c3s6b1n1 128)
    (x1003c7s2b0n0 128)
)
Pstream initialized with:
    node communication : on [type=host] (512 ranks, 4 nodes)
    topology controls  : none
    consensus exchange : 0 (tuning: 0)
    exchange algorithm : 0
    commsType          : nonBlocking
    polling iterations : 0
trapFpe: Floating point exception trapping enabled (FOAM_SIGFPE).
memory pool : not available
fileModificationChecking : Monitoring run-time modified files using timeStampMaster (fileModificationSkew 5, maxFileModificationPolls 20)
allowSystemOperations : Allowing user-supplied system call operations

// * * * * * * * * * * * * * * * * * * * * * * * * * * * * * * * * * * * * * //
Create time

Create mesh for time = constant

Mesh region0 size: 65334765
Before renumbering
    band           : 128624
    profile        : 233124028668

Using renumber-method: CuthillMcKee [default]

Reading fields

Renumbering processor cell decomposition map cellProcAddressing
Renumbering processor face decomposition map faceProcAddressing
Renumbering processor point decomposition map pointProcAddressing
After renumbering
    band           : 9809
    profile        : 166280079920

Writing mesh to "constant"

Timings:
    read mesh   : 0.92380788
    read fields : 0.532384631
    decompose   : 0
    cell-cells  : 0
    renumber    : 0.06383884500000001
    write       : 0.668147998
TotalTime = 3.287781097 s

ExecutionTime = 2.69 s  ClockTime = 4 s

End

Finalising parallel run
x1003c7s2b0n0.hostmgmt2003.cm.asp2a.nscc.sg: rank 395 died from signal 7
