/*---------------------------------------------------------------------------*\
| =========                 |                                                 |
| \\      /  F ield         | OpenFOAM: The Open Source CFD Toolbox           |
|  \\    /   O peration     | Version:  2512                                  |
|   \\  /    A nd           | Website:  www.openfoam.com                      |
|    \\/     M anipulation  |                                                 |
\*---------------------------------------------------------------------------*/
Build  : _87ed40d256-20251219 OPENFOAM=2512 version=v2512
Arch   : "LSB;label=32;scalar=64"
Exec   : renumberMesh -constant -overwrite -parallel
Date   : Sep 22 2026
Time   : 14:34:54
Host   : gadi-cpu-spr-0718.gadi.nci.org.au
PID    : 4034919
I/O    : uncollated
Case   : /scratch/vp91/pz7344/openfoam-occ-drivaer/runs/scotch-1node.179575848
nProcs : 104
Hosts  :
(
    (gadi-cpu-spr-0718.gadi.nci.org.au 104)
)
Pstream initialized with:
    node communication : off [type=host] (104 ranks, 1 nodes)
    topology controls  : none
    consensus exchange : 0 (tuning: 0)
    exchange algorithm : 0
    commsType          : nonBlocking
    polling iterations : 0
trapFpe: Floating point exception trapping enabled (FOAM_SIGFPE).
memory pool : not available
fileModificationChecking : Monitoring run-time modified files using timeStampMaster (fileModificationSkew 5, maxFileModificationPolls 20)
allowSystemOperations : Allowing user-supplied system call operations

// * * * * * * * * * * * * * * * * * * * * * * * * * * * * * * * * * * * * * //
Create time

Create mesh for time = constant

Mesh region0 size: 65334765
Before renumbering
    band           : 623507
    profile        : 733829460063

Using renumber-method: CuthillMcKee [default]

Reading fields

Renumbering processor cell decomposition map cellProcAddressing
Renumbering processor face decomposition map faceProcAddressing
Renumbering processor point decomposition map pointProcAddressing
After renumbering
    band           : 37242
    profile        : 543847255033

Writing mesh to "constant"

Timings:
    read mesh   : 0.919513459
    read fields : 0.013305422
    decompose   : 0
    cell-cells  : 0
    renumber    : 0.271928215
    write       : 1.107906905
TotalTime = 3.979902089 s

ExecutionTime = 3.8 s  ClockTime = 4 s

End

Finalising parallel run
