/*---------------------------------------------------------------------------*\
| =========                 |                                                 |
| \\      /  F ield         | OpenFOAM: The Open Source CFD Toolbox           |
|  \\    /   O peration     | Version:  2512                                  |
|   \\  /    A nd           | Website:  www.openfoam.com                      |
|    \\/     M anipulation  |                                                 |
\*---------------------------------------------------------------------------*/
Build  : _87ed40d256-20251219 OPENFOAM=2512 version=v2512
Arch   : "LSB;label=32;scalar=64"
Exec   : simpleFoam -parallel
Date   : Sep 22 2026
Time   : 14:37:15
Host   : gadi-cpu-spr-0718.gadi.nci.org.au
PID    : 4043954
I/O    : uncollated
Case   : /scratch/vp91/pz7344/openfoam-occ-drivaer/runs/scotch-1node.179575848
nProcs : 104
Hosts  :
(
    (gadi-cpu-spr-0718.gadi.nci.org.au 104)
)
Pstream initialized with:
    node communication : off [type=host] (104 ranks, 1 nodes)
    topology controls  : none
    consensus exchange : 0 (tuning: 0)
    exchange algorithm : 0
    commsType          : nonBlocking
    polling iterations : 0
trapFpe: Floating point exception trapping enabled (FOAM_SIGFPE).
memory pool : not available
fileModificationChecking : Monitoring run-time modified files using timeStampMaster (fileModificationSkew 5, maxFileModificationPolls 20)
allowSystemOperations : Allowing user-supplied system call operations

// * * * * * * * * * * * * * * * * * * * * * * * * * * * * * * * * * * * * * //
Create time

Create mesh for time = 0


SIMPLE: no convergence criteria found. Calculations will run for 40 steps.

Reading field p

Reading field U

Reading/calculating face flux field phi

Selecting incompressible transport model Newtonian
Selecting turbulence model type RAS
Selecting RAS turbulence model kOmegaSST
Selecting patchDistMethod meshWave
RAS
{
    RASModel        kOmegaSST;
    turbulence      on;
    printCoeffs     on;
    alphaK1         0.85;
    alphaK2         1;
    alphaOmega1     0.5;
    alphaOmega2     0.856;
    gamma1          0.5555555555555556;
    gamma2          0.44;
    beta1           0.075;
    beta2           0.0828;
    betaStar        0.09;
    a1              0.31;
    b1              1;
    c1              10;
    F3              false;
    decayControl    false;
    kInf            0;
    omegaInf        0;
}

No MRF models present

Creating finite-volume options from "system/fvOptions"

Selecting finite volume options type velocityDampingConstraint
    Source: velocityDamping
    State: active
    - selecting all cells
    - selected 65334765 cell(s) with volume 105593.550356508

Starting time loop

Using dynamicCode for functionObject wallClockTimeStatistics at line 95 in "/scratch/vp91/pz7344/openfoam-occ-drivaer/runs/scotch-1node.179575848/system/controlDict/functions/wallClockTimeStatistics"
Could not load "/scratch/vp91/pz7344/openfoam-occ-drivaer/runs/scotch-1node.179575848/dynamicCode/platforms/linux64GccDPInt32Opt/lib/libwallClockTimeStatistics_6e8d888ad28997c1bc9eebd1c08a1a15774516a4.so"
/scratch/vp91/pz7344/openfoam-occ-drivaer/runs/scotch-1node.179575848/dynamicCode/platforms/linux64GccDPInt32Opt/lib/libwallClockTimeStatistics_6e8d888ad28997c1bc9eebd1c08a1a15774516a4.so: cannot open shared object file: No such file or directory
Creating new library in "dynamicCode/wallClockTimeStatistics/platforms/linux64GccDPInt32Opt/lib/libwallClockTimeStatistics_6e8d888ad28997c1bc9eebd1c08a1a15774516a4.so"
Invoking wmake libso /scratch/vp91/pz7344/openfoam-occ-drivaer/runs/scotch-1node.179575848/dynamicCode/wallClockTimeStatistics
wmake libso /scratch/vp91/pz7344/openfoam-occ-drivaer/runs/scotch-1node.179575848/dynamicCode/wallClockTimeStatistics
    ln: ./lnInclude
    dep: functionObjectTemplate.C
    Ctoo: functionObjectTemplate.C
    link: /scratch/vp91/pz7344/openfoam-occ-drivaer/runs/scotch-1node.179575848/dynamicCode/wallClockTimeStatistics/../platforms/linux64GccDPInt32Opt/lib/libwallClockTimeStatistics_6e8d888ad28997c1bc9eebd1c08a1a15774516a4.so
forceCoeffs forceCoeffsAll:
    rho: rhoInf
    Freestream density (rhoInf) set to 1
    Not including porosity effects
    magUInf: 38.889
    lRef   : 2.78618
    Aref   : 2.17
    rhoInf : 1
    Selecting all coefficients
    - Drag force: Cd
    - Drag force front: Cd(f)
    - Drag force rear: Cd(r)
    - Lift force: Cl
    - Lift force front: Cl(f)
    - Lift force rear: Cl(r)
    - Pitch moment: CmPitch
    - Roll moment: CmRoll
    - Yaw moment: CmYaw
    - Side force: Cs
    - Side force front: Cs(f)
    - Side force rear: Cs(r)


pressure calc_cp:
    Operating mode: staticCoeff
    Not including hydrostatic effects

wallShearStress wallShearStress:
    processing (47) wall patches:
        BodyA-Pillar
        BodyDoorhandles
        BodyFasciafront1
        BodyFasciafront2
        BodyFender
        BodyHeadlamps
        BodyHood
        BodyRear
        BodyRearAccess
        BodyRocker
        BodyRoof
        BodySide
        BodyWindowfront
        BodyWindowfrontframe
        BodyWindowSide
        BodyWindowsideframe
        Mirrors1
        Mirrors2
        ClosedGrillLowerInsert
        ClosedGrillUpperInsert
        OCDADetailedUnderbody
        EngineUndershield
        Tiresfront
        Tiresrear
        WheelSupportfront1
        WheelSupportfront2
        WheelSupportrear
        Powertrain
        ExhaustSystem1
        ExhaustSystem2
        ExhaustSystem3
        NotchbackB-Pillar
        NotchbackBodyside
        NotchbackC-Pillar
        NotchbackRoof
        NotchbackTrunk
        NotchbackWindowrear
        NotchbackWindowrearframe
        NotchbackWindowside
        NotchbackWindowsideframe
        CTRL_SURFACE_Outlet
        CTRL_SURFACE_Wheelhouse_LHS
        CTRL_SURFACE_Wheelshouse_RHS
        Rimsfront
        Rimsrear
        BrakeDiscfront
        BrakeDiscrear

Time = 1

velocityDampingConstraint velocityDamping damped 12 (0%) of cells, with max limit 300
smoothSolver:  Solving for Ux, Initial residual = 0.006749063204205372, Final residual = 0.0001189514598493002, No Iterations 15
smoothSolver:  Solving for Uy, Initial residual = 0.4370748612311057, Final residual = 0.004659557437167323, No Iterations 15
smoothSolver:  Solving for Uz, Initial residual = 0.2978726188491971, Final residual = 0.002450364794884773, No Iterations 15
GAMG:  Solving for p, Initial residual = 1, Final residual = 0.001786545477547808, No Iterations 12
time step continuity errors : sum local = 1.190247157715357e-05, global = 8.017290487965482e-06, cumulative = 8.017290487965482e-06
smoothSolver:  Solving for omega, Initial residual = 0.01761760861201039, Final residual = 7.943637077464347e-07, No Iterations 8
bounding omega, min: -413.8377455579467 max: 45356108.66734583 average: 2416.08595050232
smoothSolver:  Solving for k, Initial residual = 0.9999999999824003, Final residual = 0.000139949280019265, No Iterations 8
ExecutionTime = 22.76 s  ClockTime = 32 s

Time = 2

velocityDampingConstraint velocityDamping damped 0 (0%) of cells, with max limit 300
smoothSolver:  Solving for Ux, Initial residual = 0.003178923963018961, Final residual = 5.994390964412202e-05, No Iterations 15
smoothSolver:  Solving for Uy, Initial residual = 0.1582736214376666, Final residual = 0.00316859592044777, No Iterations 15
smoothSolver:  Solving for Uz, Initial residual = 0.07065769685201923, Final residual = 0.001121995694998288, No Iterations 15
GAMG:  Solving for p, Initial residual = 0.005495546333345359, Final residual = 5.033400814931796e-06, No Iterations 12
time step continuity errors : sum local = 4.396237153487807e-06, global = -2.505406009614585e-06, cumulative = 5.511884478350896e-06
smoothSolver:  Solving for omega, Initial residual = 0.007593415366563779, Final residual = 1.358538294995526e-06, No Iterations 8
smoothSolver:  Solving for k, Initial residual = 0.1591910895124518, Final residual = 5.389241999618155e-05, No Iterations 8
ExecutionTime = 31.19 s  ClockTime = 41 s

Wall-clock time elapsed during the current time step = 8.585298131 s

Time = 3

velocityDampingConstraint velocityDamping damped 0 (0%) of cells, with max limit 300
smoothSolver:  Solving for Ux, Initial residual = 0.001669828124174972, Final residual = 3.257071180373369e-05, No Iterations 15
smoothSolver:  Solving for Uy, Initial residual = 0.09064821483336111, Final residual = 0.001862457592722814, No Iterations 15
smoothSolver:  Solving for Uz, Initial residual = 0.0298015109071555, Final residual = 0.0005212767102379372, No Iterations 15
GAMG:  Solving for p, Initial residual = 0.005030877923903964, Final residual = 4.01418107235934e-06, No Iterations 12
time step continuity errors : sum local = 3.510748843796062e-06, global = -2.703132519747979e-06, cumulative = 2.808751958602918e-06
smoothSolver:  Solving for omega, Initial residual = 0.003709694887508978, Final residual = 1.470941283371867e-06, No Iterations 8
smoothSolver:  Solving for k, Initial residual = 0.05415925339027525, Final residual = 3.062630318820957e-05, No Iterations 8
ExecutionTime = 39.57 s  ClockTime = 49 s

Wall-clock time elapsed during the current time step = 8.528165916000001 s

Time = 4

velocityDampingConstraint velocityDamping damped 0 (0%) of cells, with max limit 300
smoothSolver:  Solving for Ux, Initial residual = 0.001150203060366868, Final residual = 2.335594681021969e-05, No Iterations 15
smoothSolver:  Solving for Uy, Initial residual = 0.06511518870932649, Final residual = 0.00129475471353478, No Iterations 15
smoothSolver:  Solving for Uz, Initial residual = 0.01693816252863158, Final residual = 0.0003261010413534492, No Iterations 15
GAMG:  Solving for p, Initial residual = 0.004645137785188271, Final residual = 3.238376163685587e-06, No Iterations 12
time step continuity errors : sum local = 2.704094428043015e-06, global = -1.933365394874894e-06, cumulative = 8.753865637280237e-07
smoothSolver:  Solving for omega, Initial residual = 0.001998932625902117, Final residual = 1.225068409093147e-06, No Iterations 8
smoothSolver:  Solving for k, Initial residual = 0.02207873684036771, Final residual = 1.687513113803678e-05, No Iterations 8
ExecutionTime = 47.92 s  ClockTime = 58 s

Wall-clock time elapsed during the current time step = 8.492228471000001 s

Time = 5

velocityDampingConstraint velocityDamping damped 0 (0%) of cells, with max limit 300
smoothSolver:  Solving for Ux, Initial residual = 0.0008756061742205604, Final residual = 1.995897820026037e-05, No Iterations 15
smoothSolver:  Solving for Uy, Initial residual = 0.05176964581088112, Final residual = 0.001032180478137883, No Iterations 15
smoothSolver:  Solving for Uz, Initial residual = 0.01216228381138522, Final residual = 0.0002492724063275814, No Iterations 15
GAMG:  Solving for p, Initial residual = 0.004091909203636448, Final residual = 1.915572824419495e-06, No Iterations 12
time step continuity errors : sum local = 1.674572622179793e-06, global = 1.206099316524682e-06, cumulative = 2.081485880252706e-06
smoothSolver:  Solving for omega, Initial residual = 0.001200004327129772, Final residual = 9.250160161023617e-07, No Iterations 8
smoothSolver:  Solving for k, Initial residual = 0.01000264868128637, Final residual = 9.122732758057314e-06, No Iterations 8
ExecutionTime = 56.24 s  ClockTime = 66 s

Wall-clock time elapsed during the current time step = 8.453617716 s

Time = 6

velocityDampingConstraint velocityDamping damped 0 (0%) of cells, with max limit 300
smoothSolver:  Solving for Ux, Initial residual = 0.0007776807640646087, Final residual = 1.816891447653313e-05, No Iterations 15
smoothSolver:  Solving for Uy, Initial residual = 0.04453207325575764, Final residual = 0.0009154583710351828, No Iterations 15
smoothSolver:  Solving for Uz, Initial residual = 0.010368758305486, Final residual = 0.0002215332683118126, No Iterations 15
GAMG:  Solving for p, Initial residual = 0.003560540161312143, Final residual = 2.430051172677654e-06, No Iterations 12
time step continuity errors : sum local = 2.30742429123793e-06, global = 1.790139763437611e-06, cumulative = 3.871625643690317e-06
smoothSolver:  Solving for omega, Initial residual = 0.0007962294130814368, Final residual = 6.95848969564821e-07, No Iterations 8
smoothSolver:  Solving for k, Initial residual = 0.00506400095936032, Final residual = 5.073517764794477e-06, No Iterations 8
ExecutionTime = 64.56999999999999 s  ClockTime = 75 s

Wall-clock time elapsed during the current time step = 8.471256607999999 s

Time = 7

velocityDampingConstraint velocityDamping damped 0 (0%) of cells, with max limit 300
smoothSolver:  Solving for Ux, Initial residual = 0.0007421516010344472, Final residual = 1.658739562320957e-05, No Iterations 15
smoothSolver:  Solving for Uy, Initial residual = 0.03945188652187034, Final residual = 0.000848144187072144, No Iterations 15
smoothSolver:  Solving for Uz, Initial residual = 0.009513821890043531, Final residual = 0.0002121392475143455, No Iterations 15
GAMG:  Solving for p, Initial residual = 0.003132918168849209, Final residual = 1.607745935147157e-06, No Iterations 12
time step continuity errors : sum local = 1.651277409722339e-06, global = 1.206585681321604e-06, cumulative = 5.078211325011921e-06
smoothSolver:  Solving for omega, Initial residual = 0.0005636302753226347, Final residual = 5.23196488268014e-07, No Iterations 8
smoothSolver:  Solving for k, Initial residual = 0.002949082289456047, Final residual = 3.052623330426933e-06, No Iterations 8
ExecutionTime = 72.88 s  ClockTime = 83 s

Wall-clock time elapsed during the current time step = 8.441170702000001 s

Time = 8

velocityDampingConstraint velocityDamping damped 0 (0%) of cells, with max limit 300
smoothSolver:  Solving for Ux, Initial residual = 0.0007682030322241143, Final residual = 1.560183882199287e-05, No Iterations 15
smoothSolver:  Solving for Uy, Initial residual = 0.03495902381176087, Final residual = 0.0007921899508371113, No Iterations 15
smoothSolver:  Solving for Uz, Initial residual = 0.00889735542279373, Final residual = 0.0002093947210378636, No Iterations 15
GAMG:  Solving for p, Initial residual = 0.002835772850152252, Final residual = 4.678858181129393e-07, No Iterations 12
time step continuity errors : sum local = 5.120200163149211e-07, global = -2.410705546183727e-07, cumulative = 4.837140770393548e-06
smoothSolver:  Solving for omega, Initial residual = 0.0004200144716260255, Final residual = 3.996760673790878e-07, No Iterations 8
smoothSolver:  Solving for k, Initial residual = 0.001974334563792045, Final residual = 2.003597634195945e-06, No Iterations 8
ExecutionTime = 81.23999999999999 s  ClockTime = 92 s

Wall-clock time elapsed during the current time step = 8.493783478999999 s

Time = 9

velocityDampingConstraint velocityDamping damped 0 (0%) of cells, with max limit 300
smoothSolver:  Solving for Ux, Initial residual = 0.0009399201991661704, Final residual = 1.480607055881843e-05, No Iterations 15
smoothSolver:  Solving for Uy, Initial residual = 0.03131920638393541, Final residual = 0.0007419525281005313, No Iterations 15
smoothSolver:  Solving for Uz, Initial residual = 0.008604381718059158, Final residual = 0.0002095183924666401, No Iterations 15
GAMG:  Solving for p, Initial residual = 0.00266801097453303, Final residual = 1.228671792573825e-06, No Iterations 12
time step continuity errors : sum local = 1.400855044579582e-06, global = -8.304146523387555e-07, cumulative = 4.006726118054792e-06
smoothSolver:  Solving for omega, Initial residual = 0.0003273732348072062, Final residual = 3.135586118598325e-07, No Iterations 8
smoothSolver:  Solving for k, Initial residual = 0.001435297098444529, Final residual = 1.389024624744193e-06, No Iterations 8
ExecutionTime = 89.59 s  ClockTime = 100 s

Wall-clock time elapsed during the current time step = 8.470019878 s

Time = 10

velocityDampingConstraint velocityDamping damped 0 (0%) of cells, with max limit 300
smoothSolver:  Solving for Ux, Initial residual = 0.001081136982451444, Final residual = 1.41511588897199e-05, No Iterations 15
smoothSolver:  Solving for Uy, Initial residual = 0.02911152538228767, Final residual = 0.000706681670419088, No Iterations 15
smoothSolver:  Solving for Uz, Initial residual = 0.009062428067210925, Final residual = 0.0002105704579186217, No Iterations 15
GAMG:  Solving for p, Initial residual = 0.002609038370742743, Final residual = 1.193823973828233e-06, No Iterations 12
time step continuity errors : sum local = 1.379441867034928e-06, global = -7.517931837624598e-07, cumulative = 3.254932934292332e-06
smoothSolver:  Solving for omega, Initial residual = 0.0002651724888783751, Final residual = 2.532152974964088e-07, No Iterations 8
smoothSolver:  Solving for k, Initial residual = 0.001125665429746206, Final residual = 1.026189392058161e-06, No Iterations 8
ExecutionTime = 97.94 s  ClockTime = 109 s

Wall-clock time elapsed during the current time step = 8.467526145000001 s

Time = 11

velocityDampingConstraint velocityDamping damped 0 (0%) of cells, with max limit 300
smoothSolver:  Solving for Ux, Initial residual = 0.001037967734304768, Final residual = 1.360677633691629e-05, No Iterations 15
smoothSolver:  Solving for Uy, Initial residual = 0.02769732333551898, Final residual = 0.0006883826703309919, No Iterations 15
smoothSolver:  Solving for Uz, Initial residual = 0.00943923836723933, Final residual = 0.0002126818162782098, No Iterations 15
GAMG:  Solving for p, Initial residual = 0.002551893740129492, Final residual = 5.244147919607681e-07, No Iterations 12
time step continuity errors : sum local = 6.055670452729822e-07, global = -3.655178638191084e-07, cumulative = 2.889415070473224e-06
smoothSolver:  Solving for omega, Initial residual = 0.0002217874414745533, Final residual = 2.108558653947057e-07, No Iterations 8
bounding omega, min: -9993.5779432201 max: 45356124.86912245 average: 5189.559296535193
smoothSolver:  Solving for k, Initial residual = 0.0009440615590727723, Final residual = 8.031585841453038e-07, No Iterations 8
ExecutionTime = 106.39 s  ClockTime = 117 s

Wall-clock time elapsed during the current time step = 8.580927884999999 s

Time = 12

velocityDampingConstraint velocityDamping damped 0 (0%) of cells, with max limit 300
smoothSolver:  Solving for Ux, Initial residual = 0.0009325464634009864, Final residual = 1.324291070855035e-05, No Iterations 15
smoothSolver:  Solving for Uy, Initial residual = 0.02629733957046917, Final residual = 0.0006821399650543068, No Iterations 15
smoothSolver:  Solving for Uz, Initial residual = 0.009121323382478641, Final residual = 0.0002151387024623782, No Iterations 15
GAMG:  Solving for p, Initial residual = 0.002489529900118068, Final residual = 6.197000577464148e-07, No Iterations 12
time step continuity errors : sum local = 7.134490564142667e-07, global = -4.599426176147781e-07, cumulative = 2.429472452858446e-06
smoothSolver:  Solving for omega, Initial residual = 0.0001908797639237349, Final residual = 1.811251262620945e-07, No Iterations 8
smoothSolver:  Solving for k, Initial residual = 0.0008417788150295635, Final residual = 6.620828123547734e-07, No Iterations 8
ExecutionTime = 114.71 s  ClockTime = 126 s

Wall-clock time elapsed during the current time step = 8.429362951 s

Time = 13

velocityDampingConstraint velocityDamping damped 0 (0%) of cells, with max limit 300
smoothSolver:  Solving for Ux, Initial residual = 0.0008237743409841331, Final residual = 1.310102500751842e-05, No Iterations 15
smoothSolver:  Solving for Uy, Initial residual = 0.02512522961804682, Final residual = 0.0006804905577974732, No Iterations 15
smoothSolver:  Solving for Uz, Initial residual = 0.009011782899797878, Final residual = 0.0002209673633550594, No Iterations 15
GAMG:  Solving for p, Initial residual = 0.002444067005496406, Final residual = 6.910650364062319e-07, No Iterations 12
time step continuity errors : sum local = 7.930307043710427e-07, global = -5.404295278769789e-07, cumulative = 1.889042924981467e-06
smoothSolver:  Solving for omega, Initial residual = 0.0001682491161340698, Final residual = 1.601382717769051e-07, No Iterations 8
smoothSolver:  Solving for k, Initial residual = 0.0007786702182315645, Final residual = 5.680675189171885e-07, No Iterations 8
ExecutionTime = 123.05 s  ClockTime = 134 s

Wall-clock time elapsed during the current time step = 8.462499001999999 s

Time = 14

velocityDampingConstraint velocityDamping damped 0 (0%) of cells, with max limit 300
smoothSolver:  Solving for Ux, Initial residual = 0.0007324334558516172, Final residual = 1.319067328893849e-05, No Iterations 15
smoothSolver:  Solving for Uy, Initial residual = 0.02433903669098692, Final residual = 0.0006849835095617269, No Iterations 15
smoothSolver:  Solving for Uz, Initial residual = 0.009084916540064566, Final residual = 0.0002308850558620729, No Iterations 15
GAMG:  Solving for p, Initial residual = 0.00241282924083669, Final residual = 4.04042011415164e-07, No Iterations 12
time step continuity errors : sum local = 4.632301596564427e-07, global = 2.60972166776939e-07, cumulative = 2.150015091758406e-06
smoothSolver:  Solving for omega, Initial residual = 0.0001488242268376192, Final residual = 1.448905475631042e-07, No Iterations 8
smoothSolver:  Solving for k, Initial residual = 0.0007068173346577092, Final residual = 4.999439388298575e-07, No Iterations 8
ExecutionTime = 131.38 s  ClockTime = 143 s

Wall-clock time elapsed during the current time step = 8.451507362999999 s

Time = 15

velocityDampingConstraint velocityDamping damped 0 (0%) of cells, with max limit 300
smoothSolver:  Solving for Ux, Initial residual = 0.0006636572551589504, Final residual = 1.344545137083976e-05, No Iterations 15
smoothSolver:  Solving for Uy, Initial residual = 0.02399887626988757, Final residual = 0.000697764685300272, No Iterations 15
smoothSolver:  Solving for Uz, Initial residual = 0.0093253191438972, Final residual = 0.000246523012540451, No Iterations 15
GAMG:  Solving for p, Initial residual = 0.002385503452072634, Final residual = 8.644449012510552e-07, No Iterations 12
time step continuity errors : sum local = 9.943222955991875e-07, global = 6.944562990388485e-07, cumulative = 2.844471390797255e-06
smoothSolver:  Solving for omega, Initial residual = 0.0001316879440255132, Final residual = 1.329670758123079e-07, No Iterations 8
smoothSolver:  Solving for k, Initial residual = 0.0006378338298817178, Final residual = 4.462790645189078e-07, No Iterations 8
ExecutionTime = 139.71 s  ClockTime = 151 s

Wall-clock time elapsed during the current time step = 8.449960261999999 s

Time = 16

velocityDampingConstraint velocityDamping damped 0 (0%) of cells, with max limit 300
smoothSolver:  Solving for Ux, Initial residual = 0.0006110309127610079, Final residual = 1.374244427237437e-05, No Iterations 15
smoothSolver:  Solving for Uy, Initial residual = 0.02387609473794491, Final residual = 0.0007152801118244305, No Iterations 15
smoothSolver:  Solving for Uz, Initial residual = 0.00963138399835675, Final residual = 0.0002655802540188537, No Iterations 15
GAMG:  Solving for p, Initial residual = 0.002349957913195074, Final residual = 9.87871405233952e-07, No Iterations 12
time step continuity errors : sum local = 1.143820299005411e-06, global = 7.72324153432875e-07, cumulative = 3.61679554423013e-06
smoothSolver:  Solving for omega, Initial residual = 0.0001184870767019749, Final residual = 1.238331064414281e-07, No Iterations 8
smoothSolver:  Solving for k, Initial residual = 0.0005838305280279808, Final residual = 4.065810267538409e-07, No Iterations 8
ExecutionTime = 148.04 s  ClockTime = 160 s

Wall-clock time elapsed during the current time step = 8.434155153000001 s

Time = 17

velocityDampingConstraint velocityDamping damped 0 (0%) of cells, with max limit 300
smoothSolver:  Solving for Ux, Initial residual = 0.0005667302649570194, Final residual = 1.405635751036718e-05, No Iterations 15
smoothSolver:  Solving for Uy, Initial residual = 0.02384103418609191, Final residual = 0.0007344099240900337, No Iterations 15
smoothSolver:  Solving for Uz, Initial residual = 0.009953853305985423, Final residual = 0.0002859779728580335, No Iterations 15
GAMG:  Solving for p, Initial residual = 0.00231267057526857, Final residual = 9.260211380041722e-07, No Iterations 12
time step continuity errors : sum local = 1.080629970977301e-06, global = 7.175779031831772e-07, cumulative = 4.334373447413307e-06
smoothSolver:  Solving for omega, Initial residual = 0.0001097648840993957, Final residual = 1.168558996413754e-07, No Iterations 8
smoothSolver:  Solving for k, Initial residual = 0.0005425153435467884, Final residual = 3.787798424707993e-07, No Iterations 8
ExecutionTime = 156.38 s  ClockTime = 168 s

Wall-clock time elapsed during the current time step = 8.467869966 s

Time = 18

velocityDampingConstraint velocityDamping damped 0 (0%) of cells, with max limit 300
smoothSolver:  Solving for Ux, Initial residual = 0.0005288934460630437, Final residual = 1.435470795412077e-05, No Iterations 15
smoothSolver:  Solving for Uy, Initial residual = 0.02382364640620567, Final residual = 0.000753219451361671, No Iterations 15
smoothSolver:  Solving for Uz, Initial residual = 0.01029576542574452, Final residual = 0.0003064921466999827, No Iterations 15
GAMG:  Solving for p, Initial residual = 0.002285312209176483, Final residual = 7.662666838690199e-07, No Iterations 12
time step continuity errors : sum local = 8.986595060430979e-07, global = 5.697256656952589e-07, cumulative = 4.904099113108566e-06
smoothSolver:  Solving for omega, Initial residual = 0.0001027500876806465, Final residual = 1.113798443655307e-07, No Iterations 8
smoothSolver:  Solving for k, Initial residual = 0.0005126588434488524, Final residual = 3.603026387861162e-07, No Iterations 8
ExecutionTime = 164.72 s  ClockTime = 176 s

Wall-clock time elapsed during the current time step = 8.45158221 s

Time = 19

velocityDampingConstraint velocityDamping damped 0 (0%) of cells, with max limit 300
smoothSolver:  Solving for Ux, Initial residual = 0.0004983821586963592, Final residual = 1.467673004264964e-05, No Iterations 15
smoothSolver:  Solving for Uy, Initial residual = 0.02376377315897375, Final residual = 0.0007722516652895569, No Iterations 15
smoothSolver:  Solving for Uz, Initial residual = 0.01069323714260586, Final residual = 0.0003281956881594239, No Iterations 15
GAMG:  Solving for p, Initial residual = 0.002266203689896609, Final residual = 6.906149464736643e-07, No Iterations 12
time step continuity errors : sum local = 8.103627124328499e-07, global = 5.061286832848776e-07, cumulative = 5.410227796393443e-06
smoothSolver:  Solving for omega, Initial residual = 9.666771706975469e-05, Final residual = 1.066419113836418e-07, No Iterations 8
smoothSolver:  Solving for k, Initial residual = 0.000492861710477353, Final residual = 3.495356740503615e-07, No Iterations 8
ExecutionTime = 173.05 s  ClockTime = 185 s

Wall-clock time elapsed during the current time step = 8.425085723 s

Time = 20

velocityDampingConstraint velocityDamping damped 0 (0%) of cells, with max limit 300
smoothSolver:  Solving for Ux, Initial residual = 0.0004758807488023106, Final residual = 1.503003146226069e-05, No Iterations 15
smoothSolver:  Solving for Uy, Initial residual = 0.02369726382747587, Final residual = 0.0007899924578955676, No Iterations 15
smoothSolver:  Solving for Uz, Initial residual = 0.01120368083503696, Final residual = 0.0003525824100257991, No Iterations 15
GAMG:  Solving for p, Initial residual = 0.002256879234650489, Final residual = 7.038487191896235e-07, No Iterations 12
time step continuity errors : sum local = 8.235090088193547e-07, global = 4.997430370940814e-07, cumulative = 5.909970833487525e-06
smoothSolver:  Solving for omega, Initial residual = 9.123676584436906e-05, Final residual = 1.023936089982257e-07, No Iterations 8
smoothSolver:  Solving for k, Initial residual = 0.0004814558448027099, Final residual = 3.450054321661688e-07, No Iterations 8
ExecutionTime = 181.35 s  ClockTime = 193 s

Wall-clock time elapsed during the current time step = 8.434872371000001 s

Time = 21

velocityDampingConstraint velocityDamping damped 0 (0%) of cells, with max limit 300
smoothSolver:  Solving for Ux, Initial residual = 0.0004614709125239651, Final residual = 1.53778175204209e-05, No Iterations 15
smoothSolver:  Solving for Uy, Initial residual = 0.02363645530903691, Final residual = 0.0008057788293582782, No Iterations 15
smoothSolver:  Solving for Uz, Initial residual = 0.01183960976681934, Final residual = 0.0003837797376126765, No Iterations 15
GAMG:  Solving for p, Initial residual = 0.002256732338998483, Final residual = 7.12458033669087e-07, No Iterations 12
time step continuity errors : sum local = 8.286611348424867e-07, global = 4.736515676436453e-07, cumulative = 6.38362240113117e-06
smoothSolver:  Solving for omega, Initial residual = 8.640352843396673e-05, Final residual = 9.858049000255865e-08, No Iterations 8
smoothSolver:  Solving for k, Initial residual = 0.0004780162523085364, Final residual = 3.459270177910302e-07, No Iterations 8
ExecutionTime = 189.67 s  ClockTime = 202 s

Wall-clock time elapsed during the current time step = 8.426029366 s

Time = 22

velocityDampingConstraint velocityDamping damped 0 (0%) of cells, with max limit 300
smoothSolver:  Solving for Ux, Initial residual = 0.0004538263516246815, Final residual = 1.571574421569316e-05, No Iterations 15
smoothSolver:  Solving for Uy, Initial residual = 0.02362262119724438, Final residual = 0.0008218778278536079, No Iterations 15
smoothSolver:  Solving for Uz, Initial residual = 0.01259464428276942, Final residual = 0.0004187986996786054, No Iterations 15
GAMG:  Solving for p, Initial residual = 0.002256874263949464, Final residual = 7.652624509974253e-07, No Iterations 12
time step continuity errors : sum local = 8.833233578506229e-07, global = 5.692736151925196e-07, cumulative = 6.95289601632369e-06
smoothSolver:  Solving for omega, Initial residual = 8.213971131645816e-05, Final residual = 9.516109345000975e-08, No Iterations 8
smoothSolver:  Solving for k, Initial residual = 0.000481533570570899, Final residual = 3.532582189968281e-07, No Iterations 8
ExecutionTime = 198.02 s  ClockTime = 210 s

Wall-clock time elapsed during the current time step = 8.454030701000001 s

Time = 23

velocityDampingConstraint velocityDamping damped 0 (0%) of cells, with max limit 300
smoothSolver:  Solving for Ux, Initial residual = 0.0004501273550176466, Final residual = 1.600510688656204e-05, No Iterations 15
smoothSolver:  Solving for Uy, Initial residual = 0.02360535623914644, Final residual = 0.0008354309700852682, No Iterations 15
smoothSolver:  Solving for Uz, Initial residual = 0.01340838432796125, Final residual = 0.0004544388709942075, No Iterations 15
GAMG:  Solving for p, Initial residual = 0.002256698602540265, Final residual = 7.22956478605343e-07, No Iterations 12
time step continuity errors : sum local = 8.280029537857737e-07, global = 5.520326735346615e-07, cumulative = 7.504928689858352e-06
smoothSolver:  Solving for omega, Initial residual = 7.833156375854493e-05, Final residual = 9.209990534614482e-08, No Iterations 8
bounding omega, min: -2134.709002140948 max: 45356122.31157786 average: 6327.119182260855
smoothSolver:  Solving for k, Initial residual = 0.0004898835668733337, Final residual = 3.672530211473193e-07, No Iterations 8
ExecutionTime = 206.45 s  ClockTime = 219 s

Wall-clock time elapsed during the current time step = 8.549130182000001 s

Time = 24

velocityDampingConstraint velocityDamping damped 0 (0%) of cells, with max limit 300
smoothSolver:  Solving for Ux, Initial residual = 0.0004482660547944142, Final residual = 1.625207183310137e-05, No Iterations 15
smoothSolver:  Solving for Uy, Initial residual = 0.02351991123291816, Final residual = 0.0008424575784050541, No Iterations 15
smoothSolver:  Solving for Uz, Initial residual = 0.01423241958129667, Final residual = 0.0004882307147343084, No Iterations 15
GAMG:  Solving for p, Initial residual = 0.002254259022110919, Final residual = 6.482091353984417e-07, No Iterations 12
time step continuity errors : sum local = 7.379779094254453e-07, global = 4.765520547222469e-07, cumulative = 7.981480744580599e-06
smoothSolver:  Solving for omega, Initial residual = 7.500463927851293e-05, Final residual = 8.940592457547454e-08, No Iterations 8
smoothSolver:  Solving for k, Initial residual = 0.0005035555392409337, Final residual = 3.900072644350913e-07, No Iterations 8
ExecutionTime = 214.77 s  ClockTime = 227 s

Wall-clock time elapsed during the current time step = 8.431130421000001 s

Time = 25

velocityDampingConstraint velocityDamping damped 0 (0%) of cells, with max limit 300
smoothSolver:  Solving for Ux, Initial residual = 0.0004475850449641622, Final residual = 1.643081465886615e-05, No Iterations 15
smoothSolver:  Solving for Uy, Initial residual = 0.02337640033893708, Final residual = 0.0008426340372475449, No Iterations 15
smoothSolver:  Solving for Uz, Initial residual = 0.01500843309754551, Final residual = 0.000517694277973671, No Iterations 15
GAMG:  Solving for p, Initial residual = 0.002249546012634988, Final residual = 5.506516887554265e-07, No Iterations 12
time step continuity errors : sum local = 6.239150852831161e-07, global = 3.834228626819667e-07, cumulative = 8.364903607262565e-06
smoothSolver:  Solving for omega, Initial residual = 7.203287138935431e-05, Final residual = 8.694716770057514e-08, No Iterations 8
smoothSolver:  Solving for k, Initial residual = 0.0005236464597787025, Final residual = 4.227087622971839e-07, No Iterations 8
ExecutionTime = 223.14 s  ClockTime = 236 s

Wall-clock time elapsed during the current time step = 8.473220961999999 s

Time = 26

velocityDampingConstraint velocityDamping damped 0 (0%) of cells, with max limit 300
smoothSolver:  Solving for Ux, Initial residual = 0.0004479251525486147, Final residual = 1.657347230714876e-05, No Iterations 15
smoothSolver:  Solving for Uy, Initial residual = 0.02312668553788275, Final residual = 0.0008362781447096335, No Iterations 15
smoothSolver:  Solving for Uz, Initial residual = 0.01568324287451299, Final residual = 0.0005425215412927484, No Iterations 15
GAMG:  Solving for p, Initial residual = 0.00224275698745295, Final residual = 4.409985521544913e-07, No Iterations 12
time step continuity errors : sum local = 4.974761129723796e-07, global = 2.726694326766027e-07, cumulative = 8.637573039939168e-06
smoothSolver:  Solving for omega, Initial residual = 6.936893658652253e-05, Final residual = 8.472975435926237e-08, No Iterations 8
bounding omega, min: -633.7786751392616 max: 45356118.5179111 average: 6472.835906889634
smoothSolver:  Solving for k, Initial residual = 0.0005519944247995321, Final residual = 4.625408504031924e-07, No Iterations 8
ExecutionTime = 231.58 s  ClockTime = 244 s

Wall-clock time elapsed during the current time step = 8.54447854 s

Time = 27

velocityDampingConstraint velocityDamping damped 0 (0%) of cells, with max limit 300
smoothSolver:  Solving for Ux, Initial residual = 0.0004489221054921124, Final residual = 1.667770496697058e-05, No Iterations 15
smoothSolver:  Solving for Uy, Initial residual = 0.02276946874441499, Final residual = 0.0008242142859789974, No Iterations 15
smoothSolver:  Solving for Uz, Initial residual = 0.01631098842283084, Final residual = 0.0005648945657281622, No Iterations 15
GAMG:  Solving for p, Initial residual = 0.002236385286745074, Final residual = 3.531569749995242e-07, No Iterations 12
time step continuity errors : sum local = 3.967869853112737e-07, global = 1.83018931549008e-07, cumulative = 8.820591971488176e-06
smoothSolver:  Solving for omega, Initial residual = 6.693290038262302e-05, Final residual = 8.267822592310614e-08, No Iterations 8
bounding omega, min: -213.8498750887995 max: 45356112.08839699 average: 6511.357617154687
smoothSolver:  Solving for k, Initial residual = 0.0005907585293411803, Final residual = 4.969488641114936e-07, No Iterations 8
ExecutionTime = 240.03 s  ClockTime = 253 s

Wall-clock time elapsed during the current time step = 8.551115075 s

Time = 28

velocityDampingConstraint velocityDamping damped 0 (0%) of cells, with max limit 300
smoothSolver:  Solving for Ux, Initial residual = 0.0004500834420594106, Final residual = 1.667468100036494e-05, No Iterations 15
smoothSolver:  Solving for Uy, Initial residual = 0.02232207502937931, Final residual = 0.000807558930319028, No Iterations 15
smoothSolver:  Solving for Uz, Initial residual = 0.01695722859518418, Final residual = 0.0005891132597615158, No Iterations 15
GAMG:  Solving for p, Initial residual = 0.002229067185428982, Final residual = 3.363768563412169e-07, No Iterations 12
time step continuity errors : sum local = 3.771342258782337e-07, global = 1.7674451771161e-07, cumulative = 8.997336489199785e-06
smoothSolver:  Solving for omega, Initial residual = 6.47661277068624e-05, Final residual = 8.084075806485591e-08, No Iterations 8
smoothSolver:  Solving for k, Initial residual = 0.0006393815176840814, Final residual = 5.045254586537263e-07, No Iterations 8
ExecutionTime = 248.32 s  ClockTime = 261 s

Wall-clock time elapsed during the current time step = 8.394144388999999 s

Time = 29

velocityDampingConstraint velocityDamping damped 0 (0%) of cells, with max limit 300
smoothSolver:  Solving for Ux, Initial residual = 0.0004518254107436945, Final residual = 1.655461847292233e-05, No Iterations 15
smoothSolver:  Solving for Uy, Initial residual = 0.02182005464046851, Final residual = 0.000789923173513784, No Iterations 15
smoothSolver:  Solving for Uz, Initial residual = 0.01766169069946403, Final residual = 0.000617166176738691, No Iterations 15
GAMG:  Solving for p, Initial residual = 0.00221477695021805, Final residual = 2.77482743232932e-07, No Iterations 12
time step continuity errors : sum local = 3.114139065261268e-07, global = 1.232509898739209e-07, cumulative = 9.120587479073707e-06
smoothSolver:  Solving for omega, Initial residual = 6.285602822427418e-05, Final residual = 7.911328975860543e-08, No Iterations 8
smoothSolver:  Solving for k, Initial residual = 0.0007009132906850252, Final residual = 5.073628157039185e-07, No Iterations 8
ExecutionTime = 256.64 s  ClockTime = 270 s

Wall-clock time elapsed during the current time step = 8.43548919 s

Time = 30

velocityDampingConstraint velocityDamping damped 0 (0%) of cells, with max limit 300
smoothSolver:  Solving for Ux, Initial residual = 0.0004541704836299467, Final residual = 1.642423021713383e-05, No Iterations 15
smoothSolver:  Solving for Uy, Initial residual = 0.02136202523995939, Final residual = 0.0007756806040119233, No Iterations 15
smoothSolver:  Solving for Uz, Initial residual = 0.01840939845381193, Final residual = 0.0006486005607923664, No Iterations 15
GAMG:  Solving for p, Initial residual = 0.00219614217120086, Final residual = 1.973631258759276e-07, No Iterations 12
time step continuity errors : sum local = 2.22204421811892e-07, global = 6.106055758542754e-08, cumulative = 9.181648036659134e-06
smoothSolver:  Solving for omega, Initial residual = 6.120419490183316e-05, Final residual = 7.75517799494248e-08, No Iterations 8
smoothSolver:  Solving for k, Initial residual = 0.0007814147690188395, Final residual = 5.061117774899343e-07, No Iterations 8
ExecutionTime = 264.97 s  ClockTime = 278 s

Wall-clock time elapsed during the current time step = 8.425797457 s

Time = 31

velocityDampingConstraint velocityDamping damped 0 (0%) of cells, with max limit 300
smoothSolver:  Solving for Ux, Initial residual = 0.0004573711783131802, Final residual = 1.638855845122343e-05, No Iterations 15
smoothSolver:  Solving for Uy, Initial residual = 0.0210060647001311, Final residual = 0.000765365074272816, No Iterations 15
smoothSolver:  Solving for Uz, Initial residual = 0.01920307174668378, Final residual = 0.0006812638474716063, No Iterations 15
GAMG:  Solving for p, Initial residual = 0.002186756639372847, Final residual = 1.197325022671967e-07, No Iterations 12
time step continuity errors : sum local = 1.352193339596057e-07, global = 2.910931681875647e-09, cumulative = 9.18455896834101e-06
smoothSolver:  Solving for omega, Initial residual = 5.979962973037999e-05, Final residual = 7.620648640501139e-08, No Iterations 8
smoothSolver:  Solving for k, Initial residual = 0.0008818658756214882, Final residual = 5.021394592477073e-07, No Iterations 8
ExecutionTime = 273.31 s  ClockTime = 286 s

Wall-clock time elapsed during the current time step = 8.439642007 s

Time = 32

velocityDampingConstraint velocityDamping damped 0 (0%) of cells, with max limit 300
smoothSolver:  Solving for Ux, Initial residual = 0.0004610912153107667, Final residual = 1.643685494279309e-05, No Iterations 15
smoothSolver:  Solving for Uy, Initial residual = 0.02078914785811283, Final residual = 0.0007612363488928562, No Iterations 15
smoothSolver:  Solving for Uz, Initial residual = 0.02009334255167096, Final residual = 0.0007154529386847223, No Iterations 15
GAMG:  Solving for p, Initial residual = 0.002185559011312653, Final residual = 1.694375471591203e-07, No Iterations 12
time step continuity errors : sum local = 1.917269479916619e-07, global = -3.470727740362747e-08, cumulative = 9.149851690937382e-06
smoothSolver:  Solving for omega, Initial residual = 5.865807916014559e-05, Final residual = 7.505714195298104e-08, No Iterations 8
smoothSolver:  Solving for k, Initial residual = 0.000944595445324257, Final residual = 4.9533481800845e-07, No Iterations 8
ExecutionTime = 281.66 s  ClockTime = 295 s

Wall-clock time elapsed during the current time step = 8.480660350999999 s

Time = 33

velocityDampingConstraint velocityDamping damped 0 (0%) of cells, with max limit 300
smoothSolver:  Solving for Ux, Initial residual = 0.0004652345191973432, Final residual = 1.65616459306544e-05, No Iterations 15
smoothSolver:  Solving for Uy, Initial residual = 0.02071278928896489, Final residual = 0.0007611109823831882, No Iterations 15
smoothSolver:  Solving for Uz, Initial residual = 0.02119350254861231, Final residual = 0.0007553369412215852, No Iterations 15
GAMG:  Solving for p, Initial residual = 0.002188298591979132, Final residual = 1.813688618551489e-07, No Iterations 12
time step continuity errors : sum local = 2.054423090850743e-07, global = -3.112063622281601e-08, cumulative = 9.118731054714565e-06
smoothSolver:  Solving for omega, Initial residual = 5.762859005124776e-05, Final residual = 7.397761771369759e-08, No Iterations 8
smoothSolver:  Solving for k, Initial residual = 0.0009832116662681705, Final residual = 4.872015493371649e-07, No Iterations 8
ExecutionTime = 289.95 s  ClockTime = 303 s

Wall-clock time elapsed during the current time step = 8.384825157 s

Time = 34

velocityDampingConstraint velocityDamping damped 0 (0%) of cells, with max limit 300
smoothSolver:  Solving for Ux, Initial residual = 0.0004694425801812373, Final residual = 1.675643639962159e-05, No Iterations 15
smoothSolver:  Solving for Uy, Initial residual = 0.02077563227464825, Final residual = 0.0007654354638847284, No Iterations 15
smoothSolver:  Solving for Uz, Initial residual = 0.02263240442693226, Final residual = 0.0008070879571585644, No Iterations 15
GAMG:  Solving for p, Initial residual = 0.002194400563897494, Final residual = 2.293719514143224e-07, No Iterations 12
time step continuity errors : sum local = 2.599049497151841e-07, global = -8.219246517449366e-08, cumulative = 9.036538589540072e-06
smoothSolver:  Solving for omega, Initial residual = 5.659247264695954e-05, Final residual = 7.292763401757464e-08, No Iterations 8
smoothSolver:  Solving for k, Initial residual = 0.001008203962024394, Final residual = 4.784137732618966e-07, No Iterations 8
ExecutionTime = 298.26 s  ClockTime = 312 s

Wall-clock time elapsed during the current time step = 8.408804074000001 s

Time = 35

velocityDampingConstraint velocityDamping damped 0 (0%) of cells, with max limit 300
smoothSolver:  Solving for Ux, Initial residual = 0.0004736086278495271, Final residual = 1.699860064178572e-05, No Iterations 15
smoothSolver:  Solving for Uy, Initial residual = 0.02094692250503842, Final residual = 0.0007757146051444279, No Iterations 15
smoothSolver:  Solving for Uz, Initial residual = 0.02442269727522951, Final residual = 0.000873056396244689, No Iterations 15
GAMG:  Solving for p, Initial residual = 0.002210469037835456, Final residual = 2.350177847310391e-07, No Iterations 12
time step continuity errors : sum local = 2.656960695788266e-07, global = -7.733880788151747e-08, cumulative = 8.959199781658554e-06
smoothSolver:  Solving for omega, Initial residual = 5.559602737827505e-05, Final residual = 7.194494576480808e-08, No Iterations 8
bounding omega, min: -9897.164256981179 max: 45356049.43269656 average: 6707.697697868759
smoothSolver:  Solving for k, Initial residual = 0.001023390572146466, Final residual = 4.70724521753098e-07, No Iterations 8
ExecutionTime = 306.66 s  ClockTime = 320 s

Wall-clock time elapsed during the current time step = 8.523218663 s

Time = 36

velocityDampingConstraint velocityDamping damped 0 (0%) of cells, with max limit 300
smoothSolver:  Solving for Ux, Initial residual = 0.000478280774558717, Final residual = 1.72099218244747e-05, No Iterations 15
smoothSolver:  Solving for Uy, Initial residual = 0.02121464998623623, Final residual = 0.0007892764781663085, No Iterations 15
smoothSolver:  Solving for Uz, Initial residual = 0.02653667063724274, Final residual = 0.0009516535331423306, No Iterations 15
GAMG:  Solving for p, Initial residual = 0.002230831425388361, Final residual = 2.49501312566069e-07, No Iterations 12
time step continuity errors : sum local = 2.804385364503768e-07, global = -8.970000826990458e-08, cumulative = 8.86949977338865e-06
smoothSolver:  Solving for omega, Initial residual = 5.468003837403452e-05, Final residual = 7.10097277811037e-08, No Iterations 8
bounding omega, min: -669.4952037478786 max: 45356039.78544269 average: 6724.449725004375
smoothSolver:  Solving for k, Initial residual = 0.001026093104770487, Final residual = 4.646926152187544e-07, No Iterations 8
ExecutionTime = 315.08 s  ClockTime = 329 s

Wall-clock time elapsed during the current time step = 8.519722711 s

Time = 37

velocityDampingConstraint velocityDamping damped 0 (0%) of cells, with max limit 300
smoothSolver:  Solving for Ux, Initial residual = 0.0004837412062884898, Final residual = 1.738076134421851e-05, No Iterations 15
smoothSolver:  Solving for Uy, Initial residual = 0.02155922545211365, Final residual = 0.0008033791160176791, No Iterations 15
smoothSolver:  Solving for Uz, Initial residual = 0.02884049201847444, Final residual = 0.001036718131446588, No Iterations 15
GAMG:  Solving for p, Initial residual = 0.002264239971207646, Final residual = 3.280441280379585e-07, No Iterations 12
time step continuity errors : sum local = 3.65537277997527e-07, global = -1.561519351656542e-07, cumulative = 8.713347838222995e-06
smoothSolver:  Solving for omega, Initial residual = 5.387214102446823e-05, Final residual = 7.021809962366443e-08, No Iterations 8
bounding omega, min: -3989.235501112279 max: 45356031.42477849 average: 6740.044326551382
smoothSolver:  Solving for k, Initial residual = 0.001017802139012632, Final residual = 4.616280918322311e-07, No Iterations 8
ExecutionTime = 323.53 s  ClockTime = 337 s

Wall-clock time elapsed during the current time step = 8.548074664 s

Time = 38

velocityDampingConstraint velocityDamping damped 0 (0%) of cells, with max limit 300
smoothSolver:  Solving for Ux, Initial residual = 0.0004896488520055284, Final residual = 1.751116604838242e-05, No Iterations 15
smoothSolver:  Solving for Uy, Initial residual = 0.02191234273799411, Final residual = 0.0008147272949457629, No Iterations 15
smoothSolver:  Solving for Uz, Initial residual = 0.03100917515612, Final residual = 0.001114889434027806, No Iterations 15
GAMG:  Solving for p, Initial residual = 0.002313856936881045, Final residual = 4.230036861382924e-07, No Iterations 12
time step continuity errors : sum local = 4.663688997946959e-07, global = -2.240654872267774e-07, cumulative = 8.489282350996217e-06
smoothSolver:  Solving for omega, Initial residual = 5.318699839315038e-05, Final residual = 6.957159260818697e-08, No Iterations 8
bounding omega, min: -1814.398948908403 max: 45356024.64396158 average: 6754.100221900424
smoothSolver:  Solving for k, Initial residual = 0.001000331430825166, Final residual = 4.616378425630703e-07, No Iterations 8
ExecutionTime = 331.99 s  ClockTime = 346 s

Wall-clock time elapsed during the current time step = 8.574706583999999 s

Time = 39

velocityDampingConstraint velocityDamping damped 0 (0%) of cells, with max limit 300
smoothSolver:  Solving for Ux, Initial residual = 0.0004959357374279443, Final residual = 1.761760666194769e-05, No Iterations 15
smoothSolver:  Solving for Uy, Initial residual = 0.02224208417101581, Final residual = 0.0008211137417188348, No Iterations 15
smoothSolver:  Solving for Uz, Initial residual = 0.03284234734285073, Final residual = 0.001179359265284149, No Iterations 15
GAMG:  Solving for p, Initial residual = 0.00237155788187069, Final residual = 4.31804461239682e-07, No Iterations 12
time step continuity errors : sum local = 4.70767231957991e-07, global = -2.040335043944854e-07, cumulative = 8.285248846601732e-06
smoothSolver:  Solving for omega, Initial residual = 5.259526122384206e-05, Final residual = 6.901905429714036e-08, No Iterations 8
bounding omega, min: -1325.035802712875 max: 45356019.52733959 average: 6766.98609620245
smoothSolver:  Solving for k, Initial residual = 0.0009774897210327056, Final residual = 4.657909703443128e-07, No Iterations 8
ExecutionTime = 340.45 s  ClockTime = 354 s

Wall-clock time elapsed during the current time step = 8.557307803 s

Time = 40

velocityDampingConstraint velocityDamping damped 0 (0%) of cells, with max limit 300
smoothSolver:  Solving for Ux, Initial residual = 0.0005018048462315898, Final residual = 1.770381238299691e-05, No Iterations 15
smoothSolver:  Solving for Uy, Initial residual = 0.02250391190384079, Final residual = 0.0008223219264841187, No Iterations 15
smoothSolver:  Solving for Uz, Initial residual = 0.03437044933562508, Final residual = 0.001228694326537634, No Iterations 15
GAMG:  Solving for p, Initial residual = 0.002428795270889985, Final residual = 4.269965190569575e-07, No Iterations 12
time step continuity errors : sum local = 4.605974782527284e-07, global = -1.829873980345585e-07, cumulative = 8.102261448567174e-06
smoothSolver:  Solving for omega, Initial residual = 5.199628382602363e-05, Final residual = 6.838467024031453e-08, No Iterations 8
bounding omega, min: -4448.789793651871 max: 45356015.83888187 average: 6778.695110646692
smoothSolver:  Solving for k, Initial residual = 0.0009495607420959756, Final residual = 4.712054752560282e-07, No Iterations 8
ExecutionTime = 348.88 s  ClockTime = 363 s

Wall-clock time elapsed during the current time step = 8.526692797999999 s

Statistics:
    Number of measured time steps = 39
    Average wall-clock time per time step = 8.477925923769233
    Standard deviation of wall-clock time per time step = 0.05365182276537171
    Minimum number of measured time steps for 2% error at 95% confidence level = 0

End

Finalising parallel run
