/*---------------------------------------------------------------------------*\
| =========                 |                                                 |
| \\      /  F ield         | OpenFOAM: The Open Source CFD Toolbox           |
|  \\    /   O peration     | Version:  2512                                  |
|   \\  /    A nd           | Website:  www.openfoam.com                      |
|    \\/     M anipulation  |                                                 |
\*---------------------------------------------------------------------------*/
Build  : _87ed40d256-20251219 OPENFOAM=2512 version=v2512
Arch   : "LSB;label=32;scalar=64"
Exec   : /var/run/palsd/6d7a2f0d-38b9-4342-be8b-cc3a7324ad14/files/renumberMesh -constant -overwrite -parallel
Date   : Oct 06 2026
Time   : 14:41:54
Host   : x1003c3s1b0n1
PID    : 1208270
I/O    : uncollated
Case   : /scratch/users/industry/hpcadvisorycouncil/pengzhi/openfoam-occ-drivaer/runs/scotch-2node.25702862
nProcs : 256
Hosts  :
(
    (x1003c3s1b0n1 128)
    (x1003c6s1b1n1 128)
)
Pstream initialized with:
    node communication : on [type=host] (256 ranks, 2 nodes)
    topology controls  : none
    consensus exchange : 0 (tuning: 0)
    exchange algorithm : 0
    commsType          : nonBlocking
    polling iterations : 0
trapFpe: Floating point exception trapping enabled (FOAM_SIGFPE).
memory pool : not available
fileModificationChecking : Monitoring run-time modified files using timeStampMaster (fileModificationSkew 5, maxFileModificationPolls 20)
allowSystemOperations : Allowing user-supplied system call operations

// * * * * * * * * * * * * * * * * * * * * * * * * * * * * * * * * * * * * * //
Create time

Create mesh for time = constant

Mesh region0 size: 65334765
Before renumbering
    band           : 255565
    profile        : 385449386125

Using renumber-method: CuthillMcKee [default]

Reading fields

Renumbering processor cell decomposition map cellProcAddressing
Renumbering processor face decomposition map faceProcAddressing
Renumbering processor point decomposition map pointProcAddressing
After renumbering
    band           : 15466
    profile        : 282424563832

Writing mesh to "constant"

Timings:
    read mesh   : 2.864933476
    read fields : 0.5594704029999999
    decompose   : 0
    cell-cells  : 0
    renumber    : 0.131148406
    write       : 0.673011481
TotalTime = 5.561475853 s

ExecutionTime = 29.61 s  ClockTime = 30 s

End

Finalising parallel run
x1003c3s1b0n1.hostmgmt2003.cm.asp2a.nscc.sg: rank 106 died from signal 7
