/*---------------------------------------------------------------------------*\
| =========                 |                                                 |
| \\      /  F ield         | OpenFOAM: The Open Source CFD Toolbox           |
|  \\    /   O peration     | Version:  2512                                  |
|   \\  /    A nd           | Website:  www.openfoam.com                      |
|    \\/     M anipulation  |                                                 |
\*---------------------------------------------------------------------------*/
Build  : _87ed40d256-20251219 OPENFOAM=2512 version=v2512
Arch   : "LSB;label=32;scalar=64"
Exec   : /var/run/palsd/955bf359-7a03-4649-830b-9c3a1e08b8e9/files/renumberMesh -constant -overwrite -parallel
Date   : Oct 06 2026
Time   : 14:29:42
Host   : x1001c2s2b1n1
PID    : 4025553
I/O    : uncollated
Case   : /scratch/users/industry/hpcadvisorycouncil/pengzhi/openfoam-occ-drivaer/runs/hierarchical-2node.25702861
nProcs : 256
Hosts  :
(
    (x1001c2s2b1n1 128)
    (x1001c2s7b1n1 128)
)
Pstream initialized with:
    node communication : on [type=host] (256 ranks, 2 nodes)
    topology controls  : none
    consensus exchange : 0 (tuning: 0)
    exchange algorithm : 0
    commsType          : nonBlocking
    polling iterations : 0
trapFpe: Floating point exception trapping enabled (FOAM_SIGFPE).
memory pool : not available
fileModificationChecking : Monitoring run-time modified files using timeStampMaster (fileModificationSkew 5, maxFileModificationPolls 20)
allowSystemOperations : Allowing user-supplied system call operations

// * * * * * * * * * * * * * * * * * * * * * * * * * * * * * * * * * * * * * //
Create time

Create mesh for time = constant

Mesh region0 size: 65334765
Before renumbering
    band           : 255211
    profile        : 303128390885

Using renumber-method: CuthillMcKee [default]

Reading fields

Renumbering processor cell decomposition map cellProcAddressing
Renumbering processor face decomposition map faceProcAddressing
Renumbering processor point decomposition map pointProcAddressing
After renumbering
    band           : 16563
    profile        : 228153804851

Writing mesh to "constant"

Timings:
    read mesh   : 2.593565012
    read fields : 0.737588798
    decompose   : 0
    cell-cells  : 0
    renumber    : 0.142638678
    write       : 0.686165119
TotalTime = 5.947415483 s

ExecutionTime = 32 s  ClockTime = 32 s

End

Finalising parallel run
x1001c2s2b1n1.hostmgmt2001.cm.asp2a.nscc.sg: rank 5 died from signal 7
