/*---------------------------------------------------------------------------*\
| =========                 |                                                 |
| \\      /  F ield         | OpenFOAM: The Open Source CFD Toolbox           |
|  \\    /   O peration     | Version:  2512                                  |
|   \\  /    A nd           | Website:  www.openfoam.com                      |
|    \\/     M anipulation  |                                                 |
\*---------------------------------------------------------------------------*/
Build  : _87ed40d256-20251219 OPENFOAM=2512 version=v2512
Arch   : "LSB;label=32;scalar=64"
Exec   : /var/run/palsd/49bb0d15-8595-4bae-acd2-4243760b008a/files/applyBoundaryLayer -ybl 0.0450244 -parallel
Date   : Oct 07 2026
Time   : 09:35:47
Host   : x1002c0s6b0n0
PID    : 1807609
I/O    : uncollated
Case   : /scratch/users/industry/hpcadvisorycouncil/pengzhi/openfoam-occ-drivaer/runs/noxrc-hierarchical-2node.25710708
nProcs : 256
Hosts  :
(
    (x1002c0s6b0n0 128)
    (x1002c2s0b0n0 128)
)
Pstream initialized with:
    node communication : on [type=host] (256 ranks, 2 nodes)
    topology controls  : none
    consensus exchange : 0 (tuning: 0)
    exchange algorithm : 0
    commsType          : nonBlocking
    polling iterations : 0
trapFpe: Floating point exception trapping enabled (FOAM_SIGFPE).
memory pool : not available
fileModificationChecking : Monitoring run-time modified files using timeStampMaster (fileModificationSkew 5, maxFileModificationPolls 20)
allowSystemOperations : Allowing user-supplied system call operations

// * * * * * * * * * * * * * * * * * * * * * * * * * * * * * * * * * * * * * //
Create time

Create mesh for time = 0

Reading field U

Calculating wall distance field
Selecting patchDistMethod meshWave

Creating boundary-layer for U of thickness 0.0450244 m

Creating mask field
Setting boundary layer velocity

Writing U


ExecutionTime = 3.93 s  ClockTime = 4 s

End

Finalising parallel run
