/*---------------------------------------------------------------------------*\
| =========                 |                                                 |
| \\      /  F ield         | OpenFOAM: The Open Source CFD Toolbox           |
|  \\    /   O peration     | Version:  2512                                  |
|   \\  /    A nd           | Website:  www.openfoam.com                      |
|    \\/     M anipulation  |                                                 |
\*---------------------------------------------------------------------------*/
Build  : _87ed40d256-20251219 OPENFOAM=2512 version=v2512
Arch   : "LSB;label=32;scalar=64"
Exec   : /var/run/palsd/63c9c168-05a4-4ee2-8b46-111757c098d3/files/applyBoundaryLayer -ybl 0.0450244 -parallel
Date   : Oct 07 2026
Time   : 10:10:13
Host   : x1001c2s7b1n0
PID    : 875097
I/O    : uncollated
Case   : /scratch/users/industry/hpcadvisorycouncil/pengzhi/openfoam-occ-drivaer/runs/noxrc-scotch-4node.25710711
nProcs : 512
Hosts  :
(
    (x1001c2s7b1n0 128)
    (x1001c3s2b0n0 128)
    (x1001c5s2b1n0 128)
    (x1001c5s6b0n0 128)
)
Pstream initialized with:
    node communication : on [type=host] (512 ranks, 4 nodes)
    topology controls  : none
    consensus exchange : 0 (tuning: 0)
    exchange algorithm : 0
    commsType          : nonBlocking
    polling iterations : 0
trapFpe: Floating point exception trapping enabled (FOAM_SIGFPE).
memory pool : not available
fileModificationChecking : Monitoring run-time modified files using timeStampMaster (fileModificationSkew 5, maxFileModificationPolls 20)
allowSystemOperations : Allowing user-supplied system call operations

// * * * * * * * * * * * * * * * * * * * * * * * * * * * * * * * * * * * * * //
Create time

Create mesh for time = 0

Reading field U

Calculating wall distance field
Selecting patchDistMethod meshWave

Creating boundary-layer for U of thickness 0.0450244 m

Creating mask field
Setting boundary layer velocity

Writing U


ExecutionTime = 2.46 s  ClockTime = 2 s

End

Finalising parallel run
