/*---------------------------------------------------------------------------*\
| =========                 |                                                 |
| \\      /  F ield         | OpenFOAM: The Open Source CFD Toolbox           |
|  \\    /   O peration     | Version:  2512                                  |
|   \\  /    A nd           | Website:  www.openfoam.com                      |
|    \\/     M anipulation  |                                                 |
\*---------------------------------------------------------------------------*/
Build  : _87ed40d256-20251219 OPENFOAM=2512 version=v2512
Arch   : "LSB;label=32;scalar=64"
Exec   : potentialFoam -initialiseUBCs -parallel
Date   : Sep 22 2026
Time   : 15:06:30
Host   : gadi-cpu-spr-0545.gadi.nci.org.au
PID    : 961165
I/O    : uncollated
Case   : /scratch/vp91/pz7344/openfoam-occ-drivaer/runs/scotch-4node.179576943
nProcs : 416
Hosts  :
(
    (gadi-cpu-spr-0545.gadi.nci.org.au 104)
    (gadi-cpu-spr-0546.gadi.nci.org.au 104)
    (gadi-cpu-spr-0547.gadi.nci.org.au 104)
    (gadi-cpu-spr-0548.gadi.nci.org.au 104)
)
Pstream initialized with:
    node communication : on [type=host] (416 ranks, 4 nodes)
    topology controls  : none
    consensus exchange : 0 (tuning: 0)
    exchange algorithm : 0
    commsType          : nonBlocking
    polling iterations : 0
trapFpe: Floating point exception trapping enabled (FOAM_SIGFPE).
memory pool : not available
fileModificationChecking : Monitoring run-time modified files using timeStampMaster (fileModificationSkew 5, maxFileModificationPolls 20)
allowSystemOperations : Allowing user-supplied system call operations

// * * * * * * * * * * * * * * * * * * * * * * * * * * * * * * * * * * * * * //
Create time

Create mesh for time = 0


potentialFlow: Operating solver in PISO mode

Reading velocity field U

Constructing pressure field p

Constructing velocity potential field Phi

No MRF models present


Calculating potential flow
GAMG:  Solving for Phi, Initial residual = 1, Final residual = 0.002382432335029822, No Iterations 12
GAMG:  Solving for Phi, Initial residual = 0.02197666603551659, Final residual = 4.79516800259246e-07, No Iterations 12
GAMG:  Solving for Phi, Initial residual = 0.0004231087026055091, Final residual = 6.007016248908612e-09, No Iterations 12
GAMG:  Solving for Phi, Initial residual = 1.866108054553303e-05, Final residual = 4.672390044789113e-10, No Iterations 12
GAMG:  Solving for Phi, Initial residual = 1.761856814313564e-06, Final residual = 3.287103307118345e-11, No Iterations 12
GAMG:  Solving for Phi, Initial residual = 2.085449918890186e-07, Final residual = 4.028485408125248e-12, No Iterations 12
GAMG:  Solving for Phi, Initial residual = 3.035510886880116e-08, Final residual = 2.339237257142962e-12, No Iterations 12
GAMG:  Solving for Phi, Initial residual = 6.701608964599768e-09, Final residual = 2.455461812567239e-12, No Iterations 12
GAMG:  Solving for Phi, Initial residual = 2.345288780755115e-09, Final residual = 1.860958793331623e-12, No Iterations 12
GAMG:  Solving for Phi, Initial residual = 1.197614902304961e-09, Final residual = 8.974088137831482e-13, No Iterations 12
GAMG:  Solving for Phi, Initial residual = 7.446856669607658e-10, Final residual = 5.730053890529694e-13, No Iterations 12
Continuity error = 3.48862834486188e-11
Interpolated velocity error = 0.0001039312454678585
ExecutionTime = 7.09 s  ClockTime = 7 s

End

Finalising parallel run
