/*---------------------------------------------------------------------------*\
| =========                 |                                                 |
| \\      /  F ield         | OpenFOAM: The Open Source CFD Toolbox           |
|  \\    /   O peration     | Version:  2512                                  |
|   \\  /    A nd           | Website:  www.openfoam.com                      |
|    \\/     M anipulation  |                                                 |
\*---------------------------------------------------------------------------*/
Build  : _87ed40d256-20251219 OPENFOAM=2512 version=v2512
Arch   : "LSB;label=32;scalar=64"
Exec   : renumberMesh -constant -overwrite -parallel
Date   : Sep 22 2026
Time   : 16:21:49
Host   : gadi-cpu-spr-0420.gadi.nci.org.au
PID    : 2355152
I/O    : uncollated
Case   : /scratch/vp91/pz7344/openfoam-occ-drivaer/runs/scotch-split-1node.20260922-140737
nProcs : 104
Hosts  :
(
    (gadi-cpu-spr-0420.gadi.nci.org.au 104)
)
Pstream initialized with:
    node communication : off [type=host] (104 ranks, 1 nodes)
    topology controls  : none
    consensus exchange : 0 (tuning: 0)
    exchange algorithm : 0
    commsType          : nonBlocking
    polling iterations : 0
trapFpe: Floating point exception trapping enabled (FOAM_SIGFPE).
memory pool : not available
fileModificationChecking : Monitoring run-time modified files using timeStampMaster (fileModificationSkew 5, maxFileModificationPolls 20)
allowSystemOperations : Allowing user-supplied system call operations

// * * * * * * * * * * * * * * * * * * * * * * * * * * * * * * * * * * * * * //
Create time

Create mesh for time = constant

Mesh region0 size: 65334765
Before renumbering
    band           : 623507
    profile        : 733829460063

Using renumber-method: CuthillMcKee [default]

Reading fields

Renumbering processor cell decomposition map cellProcAddressing
Renumbering processor face decomposition map faceProcAddressing
Renumbering processor point decomposition map pointProcAddressing
After renumbering
    band           : 37242
    profile        : 543847255033

Writing mesh to "constant"

Timings:
    read mesh   : 2.28009633
    read fields : 0.135295619
    decompose   : 0
    cell-cells  : 0
    renumber    : 0.250717541
    write       : 2.225700511
TotalTime = 6.755252588 s

ExecutionTime = 7.77 s  ClockTime = 12 s

End

Finalising parallel run
