/*---------------------------------------------------------------------------*\
| =========                 |                                                 |
| \\      /  F ield         | OpenFOAM: The Open Source CFD Toolbox           |
|  \\    /   O peration     | Version:  2512                                  |
|   \\  /    A nd           | Website:  www.openfoam.com                      |
|    \\/     M anipulation  |                                                 |
\*---------------------------------------------------------------------------*/
Build  : _87ed40d256-20251219 OPENFOAM=2512 version=v2512
Arch   : "LSB;label=32;scalar=64"
Exec   : simpleFoam -parallel
Date   : Oct 06 2026
Time   : 14:06:25
Host   : gadi-cpu-spr-0704.gadi.nci.org.au
PID    : 3207014
I/O    : uncollated
Case   : /scratch/vp91/pz7344/openfoam-occ-drivaer/runs/reuse-scotch-1node.180584690
nProcs : 104
Hosts  :
(
    (gadi-cpu-spr-0704.gadi.nci.org.au 104)
)
Pstream initialized with:
    node communication : off [type=host] (104 ranks, 1 nodes)
    topology controls  : none
    consensus exchange : 0 (tuning: 0)
    exchange algorithm : 0
    commsType          : nonBlocking
    polling iterations : 0
trapFpe: Floating point exception trapping enabled (FOAM_SIGFPE).
memory pool : not available
fileModificationChecking : Monitoring run-time modified files using timeStampMaster (fileModificationSkew 5, maxFileModificationPolls 20)
allowSystemOperations : Allowing user-supplied system call operations

// * * * * * * * * * * * * * * * * * * * * * * * * * * * * * * * * * * * * * //
Create time

Create mesh for time = 0


SIMPLE: no convergence criteria found. Calculations will run for 40 steps.

Reading field p

Reading field U

Reading/calculating face flux field phi

Selecting incompressible transport model Newtonian
Selecting turbulence model type RAS
Selecting RAS turbulence model kOmegaSST
Selecting patchDistMethod meshWave
RAS
{
    RASModel        kOmegaSST;
    turbulence      on;
    printCoeffs     on;
    alphaK1         0.85;
    alphaK2         1;
    alphaOmega1     0.5;
    alphaOmega2     0.856;
    gamma1          0.5555555555555556;
    gamma2          0.44;
    beta1           0.075;
    beta2           0.0828;
    betaStar        0.09;
    a1              0.31;
    b1              1;
    c1              10;
    F3              false;
    decayControl    false;
    kInf            0;
    omegaInf        0;
}

No MRF models present

Creating finite-volume options from "system/fvOptions"

Selecting finite volume options type velocityDampingConstraint
    Source: velocityDamping
    State: active
    - selecting all cells
    - selected 65334765 cell(s) with volume 105593.550356508

Starting time loop

Using dynamicCode for functionObject wallClockTimeStatistics at line 95 in "/scratch/vp91/pz7344/openfoam-occ-drivaer/runs/reuse-scotch-1node.180584690/system/controlDict/functions/wallClockTimeStatistics"
Could not load "/scratch/vp91/pz7344/openfoam-occ-drivaer/runs/reuse-scotch-1node.180584690/dynamicCode/platforms/linux64GccDPInt32Opt/lib/libwallClockTimeStatistics_6e8d888ad28997c1bc9eebd1c08a1a15774516a4.so"
/scratch/vp91/pz7344/openfoam-occ-drivaer/runs/reuse-scotch-1node.180584690/dynamicCode/platforms/linux64GccDPInt32Opt/lib/libwallClockTimeStatistics_6e8d888ad28997c1bc9eebd1c08a1a15774516a4.so: cannot open shared object file: No such file or directory
Creating new library in "dynamicCode/wallClockTimeStatistics/platforms/linux64GccDPInt32Opt/lib/libwallClockTimeStatistics_6e8d888ad28997c1bc9eebd1c08a1a15774516a4.so"
Invoking wmake libso /scratch/vp91/pz7344/openfoam-occ-drivaer/runs/reuse-scotch-1node.180584690/dynamicCode/wallClockTimeStatistics
wmake libso /scratch/vp91/pz7344/openfoam-occ-drivaer/runs/reuse-scotch-1node.180584690/dynamicCode/wallClockTimeStatistics
    ln: ./lnInclude
    dep: functionObjectTemplate.C
    Ctoo: functionObjectTemplate.C
    link: /scratch/vp91/pz7344/openfoam-occ-drivaer/runs/reuse-scotch-1node.180584690/dynamicCode/wallClockTimeStatistics/../platforms/linux64GccDPInt32Opt/lib/libwallClockTimeStatistics_6e8d888ad28997c1bc9eebd1c08a1a15774516a4.so
forceCoeffs forceCoeffsAll:
    rho: rhoInf
    Freestream density (rhoInf) set to 1
    Not including porosity effects
    magUInf: 38.889
    lRef   : 2.78618
    Aref   : 2.17
    rhoInf : 1
    Selecting all coefficients
    - Drag force: Cd
    - Drag force front: Cd(f)
    - Drag force rear: Cd(r)
    - Lift force: Cl
    - Lift force front: Cl(f)
    - Lift force rear: Cl(r)
    - Pitch moment: CmPitch
    - Roll moment: CmRoll
    - Yaw moment: CmYaw
    - Side force: Cs
    - Side force front: Cs(f)
    - Side force rear: Cs(r)


pressure calc_cp:
    Operating mode: staticCoeff
    Not including hydrostatic effects

wallShearStress wallShearStress:
    processing (47) wall patches:
        BodyA-Pillar
        BodyDoorhandles
        BodyFasciafront1
        BodyFasciafront2
        BodyFender
        BodyHeadlamps
        BodyHood
        BodyRear
        BodyRearAccess
        BodyRocker
        BodyRoof
        BodySide
        BodyWindowfront
        BodyWindowfrontframe
        BodyWindowSide
        BodyWindowsideframe
        Mirrors1
        Mirrors2
        ClosedGrillLowerInsert
        ClosedGrillUpperInsert
        OCDADetailedUnderbody
        EngineUndershield
        Tiresfront
        Tiresrear
        WheelSupportfront1
        WheelSupportfront2
        WheelSupportrear
        Powertrain
        ExhaustSystem1
        ExhaustSystem2
        ExhaustSystem3
        NotchbackB-Pillar
        NotchbackBodyside
        NotchbackC-Pillar
        NotchbackRoof
        NotchbackTrunk
        NotchbackWindowrear
        NotchbackWindowrearframe
        NotchbackWindowside
        NotchbackWindowsideframe
        CTRL_SURFACE_Outlet
        CTRL_SURFACE_Wheelhouse_LHS
        CTRL_SURFACE_Wheelshouse_RHS
        Rimsfront
        Rimsrear
        BrakeDiscfront
        BrakeDiscrear

Time = 1

velocityDampingConstraint velocityDamping damped 12 (0%) of cells, with max limit 300
smoothSolver:  Solving for Ux, Initial residual = 0.006749063204205476, Final residual = 0.0001189514598493441, No Iterations 15
smoothSolver:  Solving for Uy, Initial residual = 0.4370748612316321, Final residual = 0.004659557437176497, No Iterations 15
smoothSolver:  Solving for Uz, Initial residual = 0.297872618849047, Final residual = 0.00245036479488553, No Iterations 15
GAMG:  Solving for p, Initial residual = 1, Final residual = 0.001786545477528291, No Iterations 12
time step continuity errors : sum local = 1.190247157703909e-05, global = 8.017290487867706e-06, cumulative = 8.017290487867706e-06
smoothSolver:  Solving for omega, Initial residual = 0.01761760861201039, Final residual = 7.943637077464316e-07, No Iterations 8
bounding omega, min: -413.837745405122 max: 45356108.66734583 average: 2416.085950502271
smoothSolver:  Solving for k, Initial residual = 0.9999999999823997, Final residual = 0.0001399492800192608, No Iterations 8
ExecutionTime = 27.75 s  ClockTime = 39 s

Time = 2

velocityDampingConstraint velocityDamping damped 0 (0%) of cells, with max limit 300
smoothSolver:  Solving for Ux, Initial residual = 0.003178923963018752, Final residual = 5.994390964408446e-05, No Iterations 15
smoothSolver:  Solving for Uy, Initial residual = 0.158273621437724, Final residual = 0.003168595920452197, No Iterations 15
smoothSolver:  Solving for Uz, Initial residual = 0.07065769685199914, Final residual = 0.001121995694997756, No Iterations 15
GAMG:  Solving for p, Initial residual = 0.005495546333325785, Final residual = 5.033400814613972e-06, No Iterations 12
time step continuity errors : sum local = 4.396237153240008e-06, global = -2.505406009421789e-06, cumulative = 5.511884478445917e-06
smoothSolver:  Solving for omega, Initial residual = 0.007593415366563897, Final residual = 1.358538294995604e-06, No Iterations 8
smoothSolver:  Solving for k, Initial residual = 0.1591910895124576, Final residual = 5.389241999618337e-05, No Iterations 8
ExecutionTime = 36.12 s  ClockTime = 47 s

Wall-clock time elapsed during the current time step = 8.546746892 s

Time = 3

velocityDampingConstraint velocityDamping damped 0 (0%) of cells, with max limit 300
smoothSolver:  Solving for Ux, Initial residual = 0.001669828124175128, Final residual = 3.257071180376621e-05, No Iterations 15
smoothSolver:  Solving for Uy, Initial residual = 0.09064821483333221, Final residual = 0.001862457592721477, No Iterations 15
smoothSolver:  Solving for Uz, Initial residual = 0.02980151090715888, Final residual = 0.000521276710238499, No Iterations 15
GAMG:  Solving for p, Initial residual = 0.005030877923902352, Final residual = 4.014181072329408e-06, No Iterations 12
time step continuity errors : sum local = 3.510748843778507e-06, global = -2.703132519732521e-06, cumulative = 2.808751958713395e-06
smoothSolver:  Solving for omega, Initial residual = 0.003709694887509048, Final residual = 1.470941283371888e-06, No Iterations 8
smoothSolver:  Solving for k, Initial residual = 0.05415925339027823, Final residual = 3.062630318821229e-05, No Iterations 8
ExecutionTime = 44.46 s  ClockTime = 56 s

Wall-clock time elapsed during the current time step = 8.477537219 s

Time = 4

velocityDampingConstraint velocityDamping damped 0 (0%) of cells, with max limit 300
smoothSolver:  Solving for Ux, Initial residual = 0.001150203060366939, Final residual = 2.335594681022841e-05, No Iterations 15
smoothSolver:  Solving for Uy, Initial residual = 0.06511518870927617, Final residual = 0.001294754713534338, No Iterations 15
smoothSolver:  Solving for Uz, Initial residual = 0.01693816252862931, Final residual = 0.0003261010413530782, No Iterations 15
GAMG:  Solving for p, Initial residual = 0.004645137785186763, Final residual = 3.23837616364336e-06, No Iterations 12
time step continuity errors : sum local = 2.704094427979557e-06, global = -1.933365394861125e-06, cumulative = 8.753865638522703e-07
smoothSolver:  Solving for omega, Initial residual = 0.001998932625902033, Final residual = 1.225068409093095e-06, No Iterations 8
smoothSolver:  Solving for k, Initial residual = 0.02207873684036785, Final residual = 1.687513113803665e-05, No Iterations 8
ExecutionTime = 52.77 s  ClockTime = 64 s

Wall-clock time elapsed during the current time step = 8.451620901 s

Time = 5

velocityDampingConstraint velocityDamping damped 0 (0%) of cells, with max limit 300
smoothSolver:  Solving for Ux, Initial residual = 0.0008756061742206131, Final residual = 1.995897820027123e-05, No Iterations 15
smoothSolver:  Solving for Uy, Initial residual = 0.05176964581082022, Final residual = 0.00103218047813533, No Iterations 15
smoothSolver:  Solving for Uz, Initial residual = 0.01216228381138502, Final residual = 0.0002492724063277788, No Iterations 15
GAMG:  Solving for p, Initial residual = 0.00409190920363618, Final residual = 1.915572824500339e-06, No Iterations 12
time step continuity errors : sum local = 1.674572622236892e-06, global = 1.206099316593023e-06, cumulative = 2.081485880445294e-06
smoothSolver:  Solving for omega, Initial residual = 0.001200004327129742, Final residual = 9.250160161023428e-07, No Iterations 8
smoothSolver:  Solving for k, Initial residual = 0.01000264868128628, Final residual = 9.122732758057331e-06, No Iterations 8
ExecutionTime = 61.08 s  ClockTime = 73 s

Wall-clock time elapsed during the current time step = 8.468939336 s

Time = 6

velocityDampingConstraint velocityDamping damped 0 (0%) of cells, with max limit 300
smoothSolver:  Solving for Ux, Initial residual = 0.0007776807640645087, Final residual = 1.816891447653574e-05, No Iterations 15
smoothSolver:  Solving for Uy, Initial residual = 0.04453207325570568, Final residual = 0.0009154583710339353, No Iterations 15
smoothSolver:  Solving for Uz, Initial residual = 0.01036875830548328, Final residual = 0.0002215332683116267, No Iterations 15
GAMG:  Solving for p, Initial residual = 0.003560540161311905, Final residual = 2.430051172707149e-06, No Iterations 12
time step continuity errors : sum local = 2.307424291257057e-06, global = 1.790139763449021e-06, cumulative = 3.871625643894315e-06
smoothSolver:  Solving for omega, Initial residual = 0.0007962294130814208, Final residual = 6.958489695648119e-07, No Iterations 8
smoothSolver:  Solving for k, Initial residual = 0.005064000959360236, Final residual = 5.073517764794443e-06, No Iterations 8
ExecutionTime = 69.39 s  ClockTime = 81 s

Wall-clock time elapsed during the current time step = 8.45000231 s

Time = 7

velocityDampingConstraint velocityDamping damped 0 (0%) of cells, with max limit 300
smoothSolver:  Solving for Ux, Initial residual = 0.0007421516010344759, Final residual = 1.658739562321028e-05, No Iterations 15
smoothSolver:  Solving for Uy, Initial residual = 0.03945188652182626, Final residual = 0.0008481441870713249, No Iterations 15
smoothSolver:  Solving for Uz, Initial residual = 0.009513821890042816, Final residual = 0.0002121392475143949, No Iterations 15
GAMG:  Solving for p, Initial residual = 0.003132918168849003, Final residual = 1.607745935153117e-06, No Iterations 12
time step continuity errors : sum local = 1.65127740972613e-06, global = 1.206585681318142e-06, cumulative = 5.078211325212456e-06
smoothSolver:  Solving for omega, Initial residual = 0.0005636302753226194, Final residual = 5.231964882680176e-07, No Iterations 8
smoothSolver:  Solving for k, Initial residual = 0.002949082289456003, Final residual = 3.052623330426956e-06, No Iterations 8
ExecutionTime = 77.7 s  ClockTime = 90 s

Wall-clock time elapsed during the current time step = 8.445523606 s

Time = 8

velocityDampingConstraint velocityDamping damped 0 (0%) of cells, with max limit 300
smoothSolver:  Solving for Ux, Initial residual = 0.0007682030322240543, Final residual = 1.560183882199533e-05, No Iterations 15
smoothSolver:  Solving for Uy, Initial residual = 0.03495902381171998, Final residual = 0.0007921899508360727, No Iterations 15
smoothSolver:  Solving for Uz, Initial residual = 0.008897355422791861, Final residual = 0.000209394721037684, No Iterations 15
GAMG:  Solving for p, Initial residual = 0.002835772850152212, Final residual = 4.678858180489739e-07, No Iterations 12
time step continuity errors : sum local = 5.120200162075958e-07, global = -2.410705545638623e-07, cumulative = 4.837140770648594e-06
smoothSolver:  Solving for omega, Initial residual = 0.0004200144716260083, Final residual = 3.996760673790835e-07, No Iterations 8
smoothSolver:  Solving for k, Initial residual = 0.001974334563792042, Final residual = 2.003597634195961e-06, No Iterations 8
ExecutionTime = 86 s  ClockTime = 98 s

Wall-clock time elapsed during the current time step = 8.426219299 s

Time = 9

velocityDampingConstraint velocityDamping damped 0 (0%) of cells, with max limit 300
smoothSolver:  Solving for Ux, Initial residual = 0.0009399201991662378, Final residual = 1.480607055884529e-05, No Iterations 15
smoothSolver:  Solving for Uy, Initial residual = 0.03131920638389831, Final residual = 0.0007419525280996123, No Iterations 15
smoothSolver:  Solving for Uz, Initial residual = 0.008604381718058005, Final residual = 0.0002095183924665604, No Iterations 15
GAMG:  Solving for p, Initial residual = 0.002668010974532933, Final residual = 1.228671792565412e-06, No Iterations 12
time step continuity errors : sum local = 1.400855044605445e-06, global = -8.304146523304406e-07, cumulative = 4.006726118318154e-06
smoothSolver:  Solving for omega, Initial residual = 0.0003273732348071992, Final residual = 3.135586118598249e-07, No Iterations 8
smoothSolver:  Solving for k, Initial residual = 0.001435297098444524, Final residual = 1.389024624744221e-06, No Iterations 8
ExecutionTime = 94.29000000000001 s  ClockTime = 106 s

Wall-clock time elapsed during the current time step = 8.424051149 s

Time = 10

velocityDampingConstraint velocityDamping damped 0 (0%) of cells, with max limit 300
smoothSolver:  Solving for Ux, Initial residual = 0.001081136982451473, Final residual = 1.415115888971423e-05, No Iterations 15
smoothSolver:  Solving for Uy, Initial residual = 0.02911152538225314, Final residual = 0.0007066816704180344, No Iterations 15
smoothSolver:  Solving for Uz, Initial residual = 0.009062428067209584, Final residual = 0.0002105704579184929, No Iterations 15
GAMG:  Solving for p, Initial residual = 0.002609038370742593, Final residual = 1.193823973822017e-06, No Iterations 12
time step continuity errors : sum local = 1.3794418670352e-06, global = -7.517931837601082e-07, cumulative = 3.254932934558046e-06
smoothSolver:  Solving for omega, Initial residual = 0.0002651724888783674, Final residual = 2.532152974964087e-07, No Iterations 8
smoothSolver:  Solving for k, Initial residual = 0.001125665429746207, Final residual = 1.026189392058214e-06, No Iterations 8
ExecutionTime = 102.57 s  ClockTime = 115 s

Wall-clock time elapsed during the current time step = 8.40648848 s

Time = 11

velocityDampingConstraint velocityDamping damped 0 (0%) of cells, with max limit 300
smoothSolver:  Solving for Ux, Initial residual = 0.001037967734304842, Final residual = 1.360677633691915e-05, No Iterations 15
smoothSolver:  Solving for Uy, Initial residual = 0.02769732333548507, Final residual = 0.0006883826703300897, No Iterations 15
smoothSolver:  Solving for Uz, Initial residual = 0.009439238367239302, Final residual = 0.0002126818162781669, No Iterations 15
GAMG:  Solving for p, Initial residual = 0.002551893740129215, Final residual = 5.244147919507013e-07, No Iterations 12
time step continuity errors : sum local = 6.055670452770697e-07, global = -3.655178638204444e-07, cumulative = 2.889415070737601e-06
smoothSolver:  Solving for omega, Initial residual = 0.0002217874414745432, Final residual = 2.108558653947083e-07, No Iterations 8
bounding omega, min: -9993.577945112442 max: 45356124.86912245 average: 5189.55929653527
smoothSolver:  Solving for k, Initial residual = 0.0009440615590727531, Final residual = 8.031585841453211e-07, No Iterations 8
ExecutionTime = 110.94 s  ClockTime = 123 s

Wall-clock time elapsed during the current time step = 8.503611359000001 s

Time = 12

velocityDampingConstraint velocityDamping damped 0 (0%) of cells, with max limit 300
smoothSolver:  Solving for Ux, Initial residual = 0.0009325464634010362, Final residual = 1.324291070855574e-05, No Iterations 15
smoothSolver:  Solving for Uy, Initial residual = 0.02629733957043755, Final residual = 0.0006821399650533919, No Iterations 15
smoothSolver:  Solving for Uz, Initial residual = 0.009121323382478671, Final residual = 0.000215138702462314, No Iterations 15
GAMG:  Solving for p, Initial residual = 0.002489529900117822, Final residual = 6.197000577477838e-07, No Iterations 12
time step continuity errors : sum local = 7.134490564109198e-07, global = -4.599426176123403e-07, cumulative = 2.429472453125261e-06
smoothSolver:  Solving for omega, Initial residual = 0.0001908797639237247, Final residual = 1.811251262620931e-07, No Iterations 8
smoothSolver:  Solving for k, Initial residual = 0.0008417788150295564, Final residual = 6.620828123548077e-07, No Iterations 8
ExecutionTime = 119.24 s  ClockTime = 132 s

Wall-clock time elapsed during the current time step = 8.424524383 s

Time = 13

velocityDampingConstraint velocityDamping damped 0 (0%) of cells, with max limit 300
smoothSolver:  Solving for Ux, Initial residual = 0.0008237743409841939, Final residual = 1.310102500751702e-05, No Iterations 15
smoothSolver:  Solving for Uy, Initial residual = 0.02512522961802161, Final residual = 0.0006804905577967335, No Iterations 15
smoothSolver:  Solving for Uz, Initial residual = 0.009011782899798475, Final residual = 0.0002209673633550483, No Iterations 15
GAMG:  Solving for p, Initial residual = 0.002444067005496033, Final residual = 6.910650364076551e-07, No Iterations 12
time step continuity errors : sum local = 7.930307043636209e-07, global = -5.404295278878038e-07, cumulative = 1.889042925237457e-06
smoothSolver:  Solving for omega, Initial residual = 0.0001682491161340632, Final residual = 1.601382717769059e-07, No Iterations 8
smoothSolver:  Solving for k, Initial residual = 0.0007786702182315496, Final residual = 5.680675189172194e-07, No Iterations 8
ExecutionTime = 127.57 s  ClockTime = 140 s

Wall-clock time elapsed during the current time step = 8.433526076 s

Time = 14

velocityDampingConstraint velocityDamping damped 0 (0%) of cells, with max limit 300
smoothSolver:  Solving for Ux, Initial residual = 0.0007324334558516429, Final residual = 1.319067328894788e-05, No Iterations 15
smoothSolver:  Solving for Uy, Initial residual = 0.02433903669096647, Final residual = 0.0006849835095610792, No Iterations 15
smoothSolver:  Solving for Uz, Initial residual = 0.009084916540064733, Final residual = 0.0002308850558620234, No Iterations 15
GAMG:  Solving for p, Initial residual = 0.002412829240836402, Final residual = 4.040420113958317e-07, No Iterations 12
time step continuity errors : sum local = 4.632301596293742e-07, global = 2.609721667636967e-07, cumulative = 2.150015092001154e-06
smoothSolver:  Solving for omega, Initial residual = 0.0001488242268376125, Final residual = 1.448905475631102e-07, No Iterations 8
smoothSolver:  Solving for k, Initial residual = 0.0007068173346576675, Final residual = 4.999439388298514e-07, No Iterations 8
ExecutionTime = 135.87 s  ClockTime = 149 s

Wall-clock time elapsed during the current time step = 8.418488093000001 s

Time = 15

velocityDampingConstraint velocityDamping damped 0 (0%) of cells, with max limit 300
smoothSolver:  Solving for Ux, Initial residual = 0.0006636572551589826, Final residual = 1.344545137083723e-05, No Iterations 15
smoothSolver:  Solving for Uy, Initial residual = 0.02399887626987408, Final residual = 0.000697764685299851, No Iterations 15
smoothSolver:  Solving for Uz, Initial residual = 0.009325319143897521, Final residual = 0.000246523012540437, No Iterations 15
GAMG:  Solving for p, Initial residual = 0.002385503452072268, Final residual = 8.644449012498577e-07, No Iterations 12
time step continuity errors : sum local = 9.943222956233496e-07, global = 6.944562990407566e-07, cumulative = 2.84447139104191e-06
smoothSolver:  Solving for omega, Initial residual = 0.0001316879440255066, Final residual = 1.329670758122972e-07, No Iterations 8
smoothSolver:  Solving for k, Initial residual = 0.0006378338298816797, Final residual = 4.462790645189152e-07, No Iterations 8
ExecutionTime = 144.16 s  ClockTime = 157 s

Wall-clock time elapsed during the current time step = 8.405643066 s

Time = 16

velocityDampingConstraint velocityDamping damped 0 (0%) of cells, with max limit 300
smoothSolver:  Solving for Ux, Initial residual = 0.0006110309127610568, Final residual = 1.374244427238907e-05, No Iterations 15
smoothSolver:  Solving for Uy, Initial residual = 0.02387609473792811, Final residual = 0.0007152801118239448, No Iterations 15
smoothSolver:  Solving for Uz, Initial residual = 0.009631383998356596, Final residual = 0.0002655802540188156, No Iterations 15
GAMG:  Solving for p, Initial residual = 0.002349957913194621, Final residual = 9.878714052423525e-07, No Iterations 12
time step continuity errors : sum local = 1.143820299008012e-06, global = 7.723241534295377e-07, cumulative = 3.616795544471448e-06
smoothSolver:  Solving for omega, Initial residual = 0.0001184870767019733, Final residual = 1.238331064414228e-07, No Iterations 8
smoothSolver:  Solving for k, Initial residual = 0.0005838305280279416, Final residual = 4.065810267538291e-07, No Iterations 8
ExecutionTime = 152.42 s  ClockTime = 165 s

Wall-clock time elapsed during the current time step = 8.385358662 s

Time = 17

velocityDampingConstraint velocityDamping damped 0 (0%) of cells, with max limit 300
smoothSolver:  Solving for Ux, Initial residual = 0.0005667302649570581, Final residual = 1.405635751036157e-05, No Iterations 15
smoothSolver:  Solving for Uy, Initial residual = 0.02384103418608437, Final residual = 0.0007344099240898534, No Iterations 15
smoothSolver:  Solving for Uz, Initial residual = 0.009953853305985454, Final residual = 0.0002859779728580082, No Iterations 15
GAMG:  Solving for p, Initial residual = 0.002312670575268145, Final residual = 9.260211380067992e-07, No Iterations 12
time step continuity errors : sum local = 1.080629970989826e-06, global = 7.175779031747193e-07, cumulative = 4.334373447646167e-06
smoothSolver:  Solving for omega, Initial residual = 0.0001097648840993889, Final residual = 1.168558996413736e-07, No Iterations 8
smoothSolver:  Solving for k, Initial residual = 0.0005425153435467582, Final residual = 3.787798424707802e-07, No Iterations 8
ExecutionTime = 160.71 s  ClockTime = 174 s

Wall-clock time elapsed during the current time step = 8.408277833 s

Time = 18

velocityDampingConstraint velocityDamping damped 0 (0%) of cells, with max limit 300
smoothSolver:  Solving for Ux, Initial residual = 0.000528893446063093, Final residual = 1.435470795412786e-05, No Iterations 15
smoothSolver:  Solving for Uy, Initial residual = 0.02382364640619828, Final residual = 0.0007532194513614984, No Iterations 15
smoothSolver:  Solving for Uz, Initial residual = 0.01029576542574481, Final residual = 0.0003064921466999485, No Iterations 15
GAMG:  Solving for p, Initial residual = 0.002285312209176177, Final residual = 7.662666838655349e-07, No Iterations 12
time step continuity errors : sum local = 8.986595060674843e-07, global = 5.697256656905612e-07, cumulative = 4.904099113336728e-06
smoothSolver:  Solving for omega, Initial residual = 0.0001027500876806362, Final residual = 1.113798443655284e-07, No Iterations 8
smoothSolver:  Solving for k, Initial residual = 0.0005126588434488093, Final residual = 3.603026387860556e-07, No Iterations 8
ExecutionTime = 169.01 s  ClockTime = 182 s

Wall-clock time elapsed during the current time step = 8.407961622 s

Time = 19

velocityDampingConstraint velocityDamping damped 0 (0%) of cells, with max limit 300
smoothSolver:  Solving for Ux, Initial residual = 0.0004983821586963892, Final residual = 1.467673004264094e-05, No Iterations 15
smoothSolver:  Solving for Uy, Initial residual = 0.02376377315896743, Final residual = 0.0007722516652893899, No Iterations 15
smoothSolver:  Solving for Uz, Initial residual = 0.01069323714260573, Final residual = 0.0003281956881594043, No Iterations 15
GAMG:  Solving for p, Initial residual = 0.002266203689896083, Final residual = 6.906149464673666e-07, No Iterations 12
time step continuity errors : sum local = 8.103627124506491e-07, global = 5.061286832817894e-07, cumulative = 5.410227796618518e-06
smoothSolver:  Solving for omega, Initial residual = 9.666771706974371e-05, Final residual = 1.066419113836319e-07, No Iterations 8
smoothSolver:  Solving for k, Initial residual = 0.0004928617104772943, Final residual = 3.495356740503146e-07, No Iterations 8
ExecutionTime = 177.28 s  ClockTime = 191 s

Wall-clock time elapsed during the current time step = 8.378365707 s

Time = 20

velocityDampingConstraint velocityDamping damped 0 (0%) of cells, with max limit 300
smoothSolver:  Solving for Ux, Initial residual = 0.0004758807488023339, Final residual = 1.503003146224906e-05, No Iterations 15
smoothSolver:  Solving for Uy, Initial residual = 0.02369726382746656, Final residual = 0.0007899924578952798, No Iterations 15
smoothSolver:  Solving for Uz, Initial residual = 0.01120368083503642, Final residual = 0.0003525824100257563, No Iterations 15
GAMG:  Solving for p, Initial residual = 0.002256879234650034, Final residual = 7.038487191886795e-07, No Iterations 12
time step continuity errors : sum local = 8.235090088140701e-07, global = 4.997430371001804e-07, cumulative = 5.909970833718698e-06
smoothSolver:  Solving for omega, Initial residual = 9.123676584436039e-05, Final residual = 1.023936089982227e-07, No Iterations 8
smoothSolver:  Solving for k, Initial residual = 0.0004814558448026258, Final residual = 3.450054321661358e-07, No Iterations 8
ExecutionTime = 185.56 s  ClockTime = 199 s

Wall-clock time elapsed during the current time step = 8.419491603000001 s

Time = 21

velocityDampingConstraint velocityDamping damped 0 (0%) of cells, with max limit 300
smoothSolver:  Solving for Ux, Initial residual = 0.0004614709125239672, Final residual = 1.537781752041378e-05, No Iterations 15
smoothSolver:  Solving for Uy, Initial residual = 0.02363645530902144, Final residual = 0.0008057788293577513, No Iterations 15
smoothSolver:  Solving for Uz, Initial residual = 0.01183960976681757, Final residual = 0.0003837797376126055, No Iterations 15
GAMG:  Solving for p, Initial residual = 0.0022567323389982, Final residual = 7.124580336813553e-07, No Iterations 12
time step continuity errors : sum local = 8.286611348490202e-07, global = 4.736515676545795e-07, cumulative = 6.383622401373278e-06
smoothSolver:  Solving for omega, Initial residual = 8.640352843396414e-05, Final residual = 9.858049000256813e-08, No Iterations 8
smoothSolver:  Solving for k, Initial residual = 0.0004780162523085035, Final residual = 3.459270177910011e-07, No Iterations 8
ExecutionTime = 193.83 s  ClockTime = 207 s

Wall-clock time elapsed during the current time step = 8.385046546 s

Time = 22

velocityDampingConstraint velocityDamping damped 0 (0%) of cells, with max limit 300
smoothSolver:  Solving for Ux, Initial residual = 0.0004538263516247046, Final residual = 1.571574421570346e-05, No Iterations 15
smoothSolver:  Solving for Uy, Initial residual = 0.02362262119722542, Final residual = 0.0008218778278529307, No Iterations 15
smoothSolver:  Solving for Uz, Initial residual = 0.01259464428276779, Final residual = 0.0004187986996785307, No Iterations 15
GAMG:  Solving for p, Initial residual = 0.002256874263949373, Final residual = 7.652624509979526e-07, No Iterations 12
time step continuity errors : sum local = 8.833233578281102e-07, global = 5.692736151890345e-07, cumulative = 6.952896016562312e-06
smoothSolver:  Solving for omega, Initial residual = 8.213971131644994e-05, Final residual = 9.516109345000282e-08, No Iterations 8
smoothSolver:  Solving for k, Initial residual = 0.0004815335705708211, Final residual = 3.532582189968474e-07, No Iterations 8
ExecutionTime = 202.14 s  ClockTime = 216 s

Wall-clock time elapsed during the current time step = 8.418180252000001 s

Time = 23

velocityDampingConstraint velocityDamping damped 0 (0%) of cells, with max limit 300
smoothSolver:  Solving for Ux, Initial residual = 0.0004501273550176398, Final residual = 1.600510688656451e-05, No Iterations 15
smoothSolver:  Solving for Uy, Initial residual = 0.02360535623911928, Final residual = 0.0008354309700843235, No Iterations 15
smoothSolver:  Solving for Uz, Initial residual = 0.01340838432795983, Final residual = 0.0004544388709941644, No Iterations 15
GAMG:  Solving for p, Initial residual = 0.002256698602540329, Final residual = 7.229564785949501e-07, No Iterations 12
time step continuity errors : sum local = 8.280029537759046e-07, global = 5.520326735027925e-07, cumulative = 7.504928690065104e-06
smoothSolver:  Solving for omega, Initial residual = 7.833156375854028e-05, Final residual = 9.209990534615681e-08, No Iterations 8
bounding omega, min: -2134.709002313611 max: 45356122.31157786 average: 6327.119182261036
smoothSolver:  Solving for k, Initial residual = 0.0004898835668732929, Final residual = 3.672530211473633e-07, No Iterations 8
ExecutionTime = 210.55 s  ClockTime = 224 s

Wall-clock time elapsed during the current time step = 8.524121963000001 s

Time = 24

velocityDampingConstraint velocityDamping damped 0 (0%) of cells, with max limit 300
smoothSolver:  Solving for Ux, Initial residual = 0.0004482660547944317, Final residual = 1.625207183311121e-05, No Iterations 15
smoothSolver:  Solving for Uy, Initial residual = 0.02351991123288069, Final residual = 0.0008424575784037144, No Iterations 15
smoothSolver:  Solving for Uz, Initial residual = 0.01423241958129614, Final residual = 0.0004882307147342171, No Iterations 15
GAMG:  Solving for p, Initial residual = 0.002254259022110783, Final residual = 6.482091353916395e-07, No Iterations 12
time step continuity errors : sum local = 7.379779094069611e-07, global = 4.765520547219521e-07, cumulative = 7.981480744787056e-06
smoothSolver:  Solving for omega, Initial residual = 7.500463927851801e-05, Final residual = 8.940592457554892e-08, No Iterations 8
smoothSolver:  Solving for k, Initial residual = 0.0005035555392407803, Final residual = 3.900072644351412e-07, No Iterations 8
ExecutionTime = 218.88 s  ClockTime = 233 s

Wall-clock time elapsed during the current time step = 8.436242119999999 s

Time = 25

velocityDampingConstraint velocityDamping damped 0 (0%) of cells, with max limit 300
smoothSolver:  Solving for Ux, Initial residual = 0.0004475850449641194, Final residual = 1.643081465887191e-05, No Iterations 15
smoothSolver:  Solving for Uy, Initial residual = 0.0233764003388964, Final residual = 0.000842634037246162, No Iterations 15
smoothSolver:  Solving for Uz, Initial residual = 0.0150084330975424, Final residual = 0.0005176942779734744, No Iterations 15
GAMG:  Solving for p, Initial residual = 0.00224954601263502, Final residual = 5.50651688742257e-07, No Iterations 12
time step continuity errors : sum local = 6.239150852348684e-07, global = 3.834228626612286e-07, cumulative = 8.364903607448286e-06
smoothSolver:  Solving for omega, Initial residual = 7.20328713893559e-05, Final residual = 8.694716770054478e-08, No Iterations 8
smoothSolver:  Solving for k, Initial residual = 0.0005236464597785681, Final residual = 4.227087622973048e-07, No Iterations 8
ExecutionTime = 227.14 s  ClockTime = 241 s

Wall-clock time elapsed during the current time step = 8.371695593 s

Time = 26

velocityDampingConstraint velocityDamping damped 0 (0%) of cells, with max limit 300
smoothSolver:  Solving for Ux, Initial residual = 0.0004479251525485189, Final residual = 1.657347230712833e-05, No Iterations 15
smoothSolver:  Solving for Uy, Initial residual = 0.02312668553784909, Final residual = 0.000836278144708549, No Iterations 15
smoothSolver:  Solving for Uz, Initial residual = 0.0156832428745089, Final residual = 0.0005425215412925198, No Iterations 15
GAMG:  Solving for p, Initial residual = 0.002242756987452143, Final residual = 4.40998552150211e-07, No Iterations 12
time step continuity errors : sum local = 4.974761129640095e-07, global = 2.726694326637384e-07, cumulative = 8.637573040112024e-06
smoothSolver:  Solving for omega, Initial residual = 6.936893658641344e-05, Final residual = 8.472975435893355e-08, No Iterations 8
bounding omega, min: -633.7786750658373 max: 45356118.5179111 average: 6472.835906889091
smoothSolver:  Solving for k, Initial residual = 0.0005519944247993125, Final residual = 4.625408504033513e-07, No Iterations 8
ExecutionTime = 235.48 s  ClockTime = 250 s

Wall-clock time elapsed during the current time step = 8.451152415999999 s

Time = 27

velocityDampingConstraint velocityDamping damped 0 (0%) of cells, with max limit 300
smoothSolver:  Solving for Ux, Initial residual = 0.0004489221054919598, Final residual = 1.667770496696725e-05, No Iterations 15
smoothSolver:  Solving for Uy, Initial residual = 0.02276946874434265, Final residual = 0.0008242142859769325, No Iterations 15
smoothSolver:  Solving for Uz, Initial residual = 0.01631098842280336, Final residual = 0.0005648945657271804, No Iterations 15
GAMG:  Solving for p, Initial residual = 0.002236385286744354, Final residual = 3.531569750085389e-07, No Iterations 12
time step continuity errors : sum local = 3.967869853180407e-07, global = 1.830189315522131e-07, cumulative = 8.820591971664237e-06
smoothSolver:  Solving for omega, Initial residual = 6.693290038258609e-05, Final residual = 8.267822592313898e-08, No Iterations 8
bounding omega, min: -213.8498749937545 max: 45356112.08839699 average: 6511.357617154071
smoothSolver:  Solving for k, Initial residual = 0.0005907585293409288, Final residual = 4.969488641117641e-07, No Iterations 8
ExecutionTime = 243.84 s  ClockTime = 258 s

Wall-clock time elapsed during the current time step = 8.476637776 s

Time = 28

velocityDampingConstraint velocityDamping damped 0 (0%) of cells, with max limit 300
smoothSolver:  Solving for Ux, Initial residual = 0.0004500834420590967, Final residual = 1.667468100035416e-05, No Iterations 15
smoothSolver:  Solving for Uy, Initial residual = 0.02232207502928268, Final residual = 0.0008075589303157344, No Iterations 15
smoothSolver:  Solving for Uz, Initial residual = 0.01695722859515044, Final residual = 0.0005891132597600958, No Iterations 15
GAMG:  Solving for p, Initial residual = 0.002229067185429093, Final residual = 3.363768563341262e-07, No Iterations 12
time step continuity errors : sum local = 3.771342258595036e-07, global = 1.767445177072778e-07, cumulative = 8.997336489371515e-06
smoothSolver:  Solving for omega, Initial residual = 6.476612770684848e-05, Final residual = 8.084075806494107e-08, No Iterations 8
smoothSolver:  Solving for k, Initial residual = 0.0006393815176837264, Final residual = 5.045254586538375e-07, No Iterations 8
ExecutionTime = 252.15 s  ClockTime = 267 s

Wall-clock time elapsed during the current time step = 8.410911727 s

Time = 29

velocityDampingConstraint velocityDamping damped 0 (0%) of cells, with max limit 300
smoothSolver:  Solving for Ux, Initial residual = 0.0004518254107433693, Final residual = 1.655461847290723e-05, No Iterations 15
smoothSolver:  Solving for Uy, Initial residual = 0.02182005464041465, Final residual = 0.0007899231735119016, No Iterations 15
smoothSolver:  Solving for Uz, Initial residual = 0.0176616906994467, Final residual = 0.0006171661767379204, No Iterations 15
GAMG:  Solving for p, Initial residual = 0.002214776950217105, Final residual = 2.774827432345239e-07, No Iterations 12
time step continuity errors : sum local = 3.114139065276768e-07, global = 1.2325098987489e-07, cumulative = 9.120587479246405e-06
smoothSolver:  Solving for omega, Initial residual = 6.285602822423955e-05, Final residual = 7.911328975866035e-08, No Iterations 8
smoothSolver:  Solving for k, Initial residual = 0.0007009132906843165, Final residual = 5.073628157037297e-07, No Iterations 8
ExecutionTime = 260.48 s  ClockTime = 275 s

Wall-clock time elapsed during the current time step = 8.426152773 s

Time = 30

velocityDampingConstraint velocityDamping damped 0 (0%) of cells, with max limit 300
smoothSolver:  Solving for Ux, Initial residual = 0.0004541704836295265, Final residual = 1.642423021712367e-05, No Iterations 15
smoothSolver:  Solving for Uy, Initial residual = 0.02136202523993209, Final residual = 0.0007756806040109978, No Iterations 15
smoothSolver:  Solving for Uz, Initial residual = 0.01840939845382313, Final residual = 0.0006486005607925743, No Iterations 15
GAMG:  Solving for p, Initial residual = 0.002196142171199262, Final residual = 1.973631258909036e-07, No Iterations 12
time step continuity errors : sum local = 2.222044218023165e-07, global = 6.106055759094982e-08, cumulative = 9.181648036837354e-06
smoothSolver:  Solving for omega, Initial residual = 6.120419490175946e-05, Final residual = 7.755177994942695e-08, No Iterations 8
smoothSolver:  Solving for k, Initial residual = 0.0007814147690177014, Final residual = 5.061117774894928e-07, No Iterations 8
ExecutionTime = 268.73 s  ClockTime = 283 s

Wall-clock time elapsed during the current time step = 8.364206568 s

Time = 31

velocityDampingConstraint velocityDamping damped 0 (0%) of cells, with max limit 300
smoothSolver:  Solving for Ux, Initial residual = 0.0004573711783127122, Final residual = 1.638855845121408e-05, No Iterations 15
smoothSolver:  Solving for Uy, Initial residual = 0.02100606470009182, Final residual = 0.0007653650742716932, No Iterations 15
smoothSolver:  Solving for Uz, Initial residual = 0.01920307174666745, Final residual = 0.0006812638474708987, No Iterations 15
GAMG:  Solving for p, Initial residual = 0.002186756639372522, Final residual = 1.197325022694604e-07, No Iterations 12
time step continuity errors : sum local = 1.352193339518537e-07, global = 2.910931694537191e-09, cumulative = 9.184558968531892e-06
smoothSolver:  Solving for omega, Initial residual = 5.979962973028999e-05, Final residual = 7.620648640500676e-08, No Iterations 8
smoothSolver:  Solving for k, Initial residual = 0.0008818658756203824, Final residual = 5.021394592473153e-07, No Iterations 8
ExecutionTime = 277.05 s  ClockTime = 292 s

Wall-clock time elapsed during the current time step = 8.426176889000001 s

Time = 32

velocityDampingConstraint velocityDamping damped 0 (0%) of cells, with max limit 300
smoothSolver:  Solving for Ux, Initial residual = 0.000461091215310346, Final residual = 1.643685494277859e-05, No Iterations 15
smoothSolver:  Solving for Uy, Initial residual = 0.02078914785808967, Final residual = 0.0007612363488920902, No Iterations 15
smoothSolver:  Solving for Uz, Initial residual = 0.02009334255165946, Final residual = 0.0007154529386843582, No Iterations 15
GAMG:  Solving for p, Initial residual = 0.002185559011311275, Final residual = 1.694375471503784e-07, No Iterations 12
time step continuity errors : sum local = 1.917269479801921e-07, global = -3.470727740699234e-08, cumulative = 9.1498516911249e-06
smoothSolver:  Solving for omega, Initial residual = 5.865807916006536e-05, Final residual = 7.50571419529209e-08, No Iterations 8
smoothSolver:  Solving for k, Initial residual = 0.0009445954453228821, Final residual = 4.953348180079624e-07, No Iterations 8
ExecutionTime = 285.36 s  ClockTime = 300 s

Wall-clock time elapsed during the current time step = 8.410787195999999 s

Time = 33

velocityDampingConstraint velocityDamping damped 0 (0%) of cells, with max limit 300
smoothSolver:  Solving for Ux, Initial residual = 0.0004652345191969772, Final residual = 1.656164593063153e-05, No Iterations 15
smoothSolver:  Solving for Uy, Initial residual = 0.02071278928891556, Final residual = 0.0007611109823813492, No Iterations 15
smoothSolver:  Solving for Uz, Initial residual = 0.02119350254865777, Final residual = 0.0007553369412233448, No Iterations 15
GAMG:  Solving for p, Initial residual = 0.002188298591977757, Final residual = 1.813688618510494e-07, No Iterations 12
time step continuity errors : sum local = 2.054423090846775e-07, global = -3.112063623660448e-08, cumulative = 9.118731054888295e-06
smoothSolver:  Solving for omega, Initial residual = 5.762859005122143e-05, Final residual = 7.3977617713614e-08, No Iterations 8
smoothSolver:  Solving for k, Initial residual = 0.000983211666266487, Final residual = 4.872015493365683e-07, No Iterations 8
ExecutionTime = 293.68 s  ClockTime = 309 s

Wall-clock time elapsed during the current time step = 8.430003525 s

Time = 34

velocityDampingConstraint velocityDamping damped 0 (0%) of cells, with max limit 300
smoothSolver:  Solving for Ux, Initial residual = 0.0004694425801808304, Final residual = 1.675643639960134e-05, No Iterations 15
smoothSolver:  Solving for Uy, Initial residual = 0.02077563227456971, Final residual = 0.0007654354638820124, No Iterations 15
smoothSolver:  Solving for Uz, Initial residual = 0.02263240442690941, Final residual = 0.0008070879571576037, No Iterations 15
GAMG:  Solving for p, Initial residual = 0.00219440056389588, Final residual = 2.293719514173794e-07, No Iterations 12
time step continuity errors : sum local = 2.599049497106569e-07, global = -8.219246517569268e-08, cumulative = 9.036538589712603e-06
smoothSolver:  Solving for omega, Initial residual = 5.659247264697722e-05, Final residual = 7.292763401747551e-08, No Iterations 8
smoothSolver:  Solving for k, Initial residual = 0.00100820396202292, Final residual = 4.784137732612312e-07, No Iterations 8
ExecutionTime = 301.98 s  ClockTime = 317 s

Wall-clock time elapsed during the current time step = 8.40756536 s

Time = 35

velocityDampingConstraint velocityDamping damped 0 (0%) of cells, with max limit 300
smoothSolver:  Solving for Ux, Initial residual = 0.0004736086278492475, Final residual = 1.699860064178033e-05, No Iterations 15
smoothSolver:  Solving for Uy, Initial residual = 0.02094692250497837, Final residual = 0.0007757146051421658, No Iterations 15
smoothSolver:  Solving for Uz, Initial residual = 0.02442269727514428, Final residual = 0.0008730563962416567, No Iterations 15
GAMG:  Solving for p, Initial residual = 0.002210469037833632, Final residual = 2.350177847421257e-07, No Iterations 12
time step continuity errors : sum local = 2.656960695660316e-07, global = -7.733880789461233e-08, cumulative = 8.959199781817991e-06
smoothSolver:  Solving for omega, Initial residual = 5.559602737819802e-05, Final residual = 7.194494576466973e-08, No Iterations 8
bounding omega, min: -9897.164260446534 max: 45356049.43269656 average: 6707.697697870638
smoothSolver:  Solving for k, Initial residual = 0.001023390572145083, Final residual = 4.707245217523579e-07, No Iterations 8
ExecutionTime = 310.38 s  ClockTime = 325 s

Wall-clock time elapsed during the current time step = 8.509283368 s

Time = 36

velocityDampingConstraint velocityDamping damped 0 (0%) of cells, with max limit 300
smoothSolver:  Solving for Ux, Initial residual = 0.0004782807745585632, Final residual = 1.720992182447241e-05, No Iterations 15
smoothSolver:  Solving for Uy, Initial residual = 0.02121464998616744, Final residual = 0.0007892764781639668, No Iterations 15
smoothSolver:  Solving for Uz, Initial residual = 0.02653667063717939, Final residual = 0.0009516535331400114, No Iterations 15
GAMG:  Solving for p, Initial residual = 0.002230831425386081, Final residual = 2.495013125691057e-07, No Iterations 12
time step continuity errors : sum local = 2.804385364538133e-07, global = -8.970000827345872e-08, cumulative = 8.869499773544532e-06
smoothSolver:  Solving for omega, Initial residual = 5.468003837387937e-05, Final residual = 7.100972778095249e-08, No Iterations 8
bounding omega, min: -669.495203588883 max: 45356039.78544269 average: 6724.449725005034
smoothSolver:  Solving for k, Initial residual = 0.001026093104769207, Final residual = 4.646926152179325e-07, No Iterations 8
ExecutionTime = 318.77 s  ClockTime = 334 s

Wall-clock time elapsed during the current time step = 8.506012811 s

Time = 37

velocityDampingConstraint velocityDamping damped 0 (0%) of cells, with max limit 300
smoothSolver:  Solving for Ux, Initial residual = 0.0004837412062884385, Final residual = 1.738076134421892e-05, No Iterations 15
smoothSolver:  Solving for Uy, Initial residual = 0.02155922545209899, Final residual = 0.0008033791160172588, No Iterations 15
smoothSolver:  Solving for Uz, Initial residual = 0.02884049201844481, Final residual = 0.001036718131445332, No Iterations 15
GAMG:  Solving for p, Initial residual = 0.00226423997120521, Final residual = 3.280441280354225e-07, No Iterations 12
time step continuity errors : sum local = 3.655372779896151e-07, global = -1.56151935160224e-07, cumulative = 8.713347838384309e-06
smoothSolver:  Solving for omega, Initial residual = 5.387214102449748e-05, Final residual = 7.02180996235749e-08, No Iterations 8
bounding omega, min: -3989.235502422098 max: 45356031.42477849 average: 6740.044326551848
smoothSolver:  Solving for k, Initial residual = 0.001017802139011823, Final residual = 4.616280918314921e-07, No Iterations 8
ExecutionTime = 327.13 s  ClockTime = 342 s

Wall-clock time elapsed during the current time step = 8.459399942999999 s

Time = 38

velocityDampingConstraint velocityDamping damped 0 (0%) of cells, with max limit 300
smoothSolver:  Solving for Ux, Initial residual = 0.0004896488520055337, Final residual = 1.75111660483751e-05, No Iterations 15
smoothSolver:  Solving for Uy, Initial residual = 0.02191234273801537, Final residual = 0.00081472729494761, No Iterations 15
smoothSolver:  Solving for Uz, Initial residual = 0.0310091751561248, Final residual = 0.00111488943402759, No Iterations 15
GAMG:  Solving for p, Initial residual = 0.002313856936878621, Final residual = 4.230036861440386e-07, No Iterations 12
time step continuity errors : sum local = 4.663688998058331e-07, global = -2.240654872312477e-07, cumulative = 8.489282351153061e-06
smoothSolver:  Solving for omega, Initial residual = 5.318699839309224e-05, Final residual = 6.957159260808512e-08, No Iterations 8
bounding omega, min: -1814.398944911113 max: 45356024.64396158 average: 6754.10022190056
smoothSolver:  Solving for k, Initial residual = 0.001000331430824491, Final residual = 4.616378425623616e-07, No Iterations 8
ExecutionTime = 335.55 s  ClockTime = 351 s

Wall-clock time elapsed during the current time step = 8.519566788000001 s

Time = 39

velocityDampingConstraint velocityDamping damped 0 (0%) of cells, with max limit 300
smoothSolver:  Solving for Ux, Initial residual = 0.0004959357374278282, Final residual = 1.761760666194252e-05, No Iterations 15
smoothSolver:  Solving for Uy, Initial residual = 0.02224208417104142, Final residual = 0.0008211137417206309, No Iterations 15
smoothSolver:  Solving for Uz, Initial residual = 0.03284234734294052, Final residual = 0.001179359265286894, No Iterations 15
GAMG:  Solving for p, Initial residual = 0.002371557881869179, Final residual = 4.318044612423337e-07, No Iterations 12
time step continuity errors : sum local = 4.707672319501718e-07, global = -2.040335043803846e-07, cumulative = 8.285248846772676e-06
smoothSolver:  Solving for omega, Initial residual = 5.259526122380834e-05, Final residual = 6.901905429704191e-08, No Iterations 8
bounding omega, min: -1325.035800994226 max: 45356019.52733959 average: 6766.986096201273
smoothSolver:  Solving for k, Initial residual = 0.0009774897210319856, Final residual = 4.6579097034355e-07, No Iterations 8
ExecutionTime = 343.97 s  ClockTime = 360 s

Wall-clock time elapsed during the current time step = 8.537036992000001 s

Time = 40

velocityDampingConstraint velocityDamping damped 0 (0%) of cells, with max limit 300
smoothSolver:  Solving for Ux, Initial residual = 0.000501804846231496, Final residual = 1.770381238298878e-05, No Iterations 15
smoothSolver:  Solving for Uy, Initial residual = 0.02250391190394952, Final residual = 0.0008223219264882671, No Iterations 15
smoothSolver:  Solving for Uz, Initial residual = 0.0343704493358324, Final residual = 0.001228694326544667, No Iterations 15
GAMG:  Solving for p, Initial residual = 0.002428795270887719, Final residual = 4.269965190482222e-07, No Iterations 12
time step continuity errors : sum local = 4.605974782382823e-07, global = -1.829873980283479e-07, cumulative = 8.102261448744327e-06
smoothSolver:  Solving for omega, Initial residual = 5.199628382652024e-05, Final residual = 6.838467024038921e-08, No Iterations 8
bounding omega, min: -4448.789790832276 max: 45356015.83888187 average: 6778.69511064936
smoothSolver:  Solving for k, Initial residual = 0.0009495607420955971, Final residual = 4.712054752555809e-07, No Iterations 8
ExecutionTime = 352.35 s  ClockTime = 368 s

Wall-clock time elapsed during the current time step = 8.484568717 s

Statistics:
    Number of measured time steps = 39
    Average wall-clock time per time step = 8.441977613307696
    Standard deviation of wall-clock time per time step = 0.04627009879857715
    Minimum number of measured time steps for 2% error at 95% confidence level = 0

End

Finalising parallel run
